[Reservation] Waiting until 13:19...
Success! Access Token retrieved (Expires: 2026-01-06 12:59:19)

[Order] Placing BUY Order: 042700 x 1 @ 0
Success! Order No: 0000010489
Message: 모의투자 매수주문이 완료 되었습니다.
[Reservation] Waiting until 13:35...
Success! Access Token retrieved (Expires: 2026-01-06 12:59:19)

[Order] Placing BUY Order: 012200 x 1 @ 0
Success! Order No: 0000011033
Message: 모의투자 매수주문이 완료 되었습니다.
[Reservation] Waiting until 13:38...
Error 403: {"error_description":"접근토큰 발급 잠시 후 다시 시도하세요(1분당 1회)","error_code":"EGW00133"}
[Reservation] Waiting until 13:40...
Success! Access Token retrieved (Expires: 2026-01-06 12:59:19)

[Order] Placing BUY Order: 090710 x 1 @ 0
Success! Order No: 0000011171
Message: 모의투자 매수주문이 완료 되었습니다.
[Reservation] Waiting until 13:42...
Success! Access Token retrieved (Expires: 2026-01-06 12:59:19)

[Order] Placing BUY Order: 005930 x 1 @ 0
Success! Order No: 0000011267
Message: 모의투자 매수주문이 완료 되었습니다.
[Reservation] Waiting until 13:42...
Error 403: {"error_description":"접근토큰 발급 잠시 후 다시 시도하세요(1분당 1회)","error_code":"EGW00133"}
[Reservation] Waiting until 13:45...
Error 403: {"error_description":"접근토큰 발급 잠시 후 다시 시도하세요(1분당 1회)","error_code":"EGW00133"}
[Reservation] Waiting until 13:45...
Error 403: {"error_description":"접근토큰 발급 잠시 후 다시 시도하세요(1분당 1회)","error_code":"EGW00133"}
[Reservation] Waiting until 13:57...
Error 403: {"error_description":"접근토큰 발급 잠시 후 다시 시도하세요(1분당 1회)","error_code":"EGW00133"}
[Reservation] Waiting until 13:57...
Success! Access Token retrieved (Expires: 2026-01-06 12:59:19)

[Order] Placing BUY Order: 005930 x 1 @ 0
Success! Order No: 0000011607
Message: 모의투자 매수주문이 완료 되었습니다.
[Reservation] Waiting until 14:21...
Error 403: {"error_description":"접근토큰 발급 잠시 후 다시 시도하세요(1분당 1회)","error_code":"EGW00133"}
[Reservation] Waiting until 14:21...
Success! Access Token retrieved (Expires: 2026-01-06 12:59:19)

[Order] Placing BUY Order: 329180 x 1 @ 0
Success! Order No: 0000012863
Message: 모의투자 매수주문이 완료 되었습니다.
[Reservation] Waiting until 14:26...
Error 403: {"error_description":"접근토큰 발급 잠시 후 다시 시도하세요(1분당 1회)","error_code":"EGW00133"}
[Reservation] Waiting until 14:26...
Success! Access Token retrieved (Expires: 2026-01-06 12:59:19)

[Order] Placing BUY Order: 329180 x 1 @ 0
Success! Order No: 0000013238
Message: 모의투자 매수주문이 완료 되었습니다.
[Reservation] Target time 09:05 has passed.
[Reservation] Waiting until 14:59...
Success! Access Token retrieved (Expires: 2026-01-06 12:59:19)

[Order] Placing BUY Order: 064400 x 1 @ 0
Success! Order No: 0000014279
Message: 모의투자 매수주문이 완료 되었습니다.
[Reservation] Waiting until 14:59...
Error 403: {"error_description":"접근토큰 발급 잠시 후 다시 시도하세요(1분당 1회)","error_code":"EGW00133"}
[Reservation] Waiting until 15:05...
Error 403: {"error_description":"접근토큰 발급 잠시 후 다시 시도하세요(1분당 1회)","error_code":"EGW00133"}
[Reservation] Waiting until 15:05...
Success! Access Token retrieved (Expires: 2026-01-06 12:59:19)

[Order] Placing BUY Order: 042700 x 1 @ 0
Success! Order No: 0000014479
Message: 모의투자 매수주문이 완료 되었습니다.
[Reservation] Waiting until 15:09...
Success! Access Token retrieved (Expires: 2026-01-06 12:59:19)

[Order] Placing BUY Order: 319400 x 1 @ 0
Success! Order No: 0000014597
Message: 모의투자 매수주문이 완료 되었습니다.
[Reservation] Waiting until 15:09...
Error 403: {"error_description":"접근토큰 발급 잠시 후 다시 시도하세요(1분당 1회)","error_code":"EGW00133"}
[Reservation] Waiting until 15:09...
Error 403: {"error_description":"접근토큰 발급 잠시 후 다시 시도하세요(1분당 1회)","error_code":"EGW00133"}
[Reservation] Waiting until 15:09...
Error 403: {"error_description":"접근토큰 발급 잠시 후 다시 시도하세요(1분당 1회)","error_code":"EGW00133"}
[Reservation] Waiting until 15:15...
Success! Access Token retrieved (Expires: 2026-01-06 12:59:19)

[Order] Placing BUY Order: 319400 x 2 @ 0
Success! Order No: 0000014794
Message: 모의투자 매수주문이 완료 되었습니다.
[Reservation] Waiting until 15:15...
Error 403: {"error_description":"접근토큰 발급 잠시 후 다시 시도하세요(1분당 1회)","error_code":"EGW00133"}
[Reservation] Waiting until 15:15...
Error 403: {"error_description":"접근토큰 발급 잠시 후 다시 시도하세요(1분당 1회)","error_code":"EGW00133"}
[Reservation] Waiting until 15:18...
Success! Access Token retrieved.

[Order] Placing BUY Order: 329180 x 2 @ 0
Success! Order No: 0000014882
Message: 모의투자 매수주문이 완료 되었습니다.
[Reservation] Waiting until 15:18...
Error 403: {"error_description":"접근토큰 발급 잠시 후 다시 시도하세요(1분당 1회)","error_code":"EGW00133"}
Error 403: {"error_description":"접근토큰 발급 잠시 후 다시 시도하세요(1분당 1회)","error_code":"EGW00133"}
Error 403: {"error_description":"접근토큰 발급 잠시 후 다시 시도하세요(1분당 1회)","error_code":"EGW00133"}
[Reservation] Waiting until 15:18...
Error 403: {"error_description":"접근토큰 발급 잠시 후 다시 시도하세요(1분당 1회)","error_code":"EGW00133"}
Error 403: {"error_description":"접근토큰 발급 잠시 후 다시 시도하세요(1분당 1회)","error_code":"EGW00133"}
Error 403: {"error_description":"접근토큰 발급 잠시 후 다시 시도하세요(1분당 1회)","error_code":"EGW00133"}
[Reservation] Waiting until 15:29...
Success! Access Token retrieved.

[Order] Placing BUY Order: 319400 x 4 @ 0
Success! Order No: 0000015063
Message: 모의투자 매수주문이 완료 되었습니다.
[Reservation] Target time 15:30 has passed.
[Reservation] Waiting until 15:31...
Error 403: {"error_description":"접근토큰 발급 잠시 후 다시 시도하세요(1분당 1회)","error_code":"EGW00133"}
Error 403: {"error_description":"접근토큰 발급 잠시 후 다시 시도하세요(1분당 1회)","error_code":"EGW00133"}
Success! Access Token retrieved.

[Order] Placing SELL Order: 319400 x 8 @ 0
Attempt 1 Failed: API Error: 모의투자 장종료 입니다. (Code: 40580000)
Attempt 2 Failed: API Error: 모의투자 장종료 입니다. (Code: 40580000)
Attempt 3 Failed: API Error: 모의투자 장종료 입니다. (Code: 40580000)
[Reservation] Waiting until 10:35...
Success! Access Token retrieved.

[Order] Placing SELL Order: 329180 x 4 @ 0
Success! Order No: 0000005324
Message: 모의투자 매도주문이 완료 되었습니다.
[Reservation] Waiting until 10:35...
Error 403: {"error_description":"접근토큰 발급 잠시 후 다시 시도하세요(1분당 1회)","error_code":"EGW00133"}
Error 403: {"error_description":"접근토큰 발급 잠시 후 다시 시도하세요(1분당 1회)","error_code":"EGW00133"}
Error 403: {"error_description":"접근토큰 발급 잠시 후 다시 시도하세요(1분당 1회)","error_code":"EGW00133"}
[Reservation] Waiting until 10:35...
Error 403: {"error_description":"접근토큰 발급 잠시 후 다시 시도하세요(1분당 1회)","error_code":"EGW00133"}
Error 403: {"error_description":"접근토큰 발급 잠시 후 다시 시도하세요(1분당 1회)","error_code":"EGW00133"}
Error 403: {"error_description":"접근토큰 발급 잠시 후 다시 시도하세요(1분당 1회)","error_code":"EGW00133"}
[Reservation] Waiting until 10:39...
Success! Access Token retrieved.

[Order] Placing SELL Order: 090710 x 1 @ 0
Success! Order No: 0000005472
Message: 모의투자 매도주문이 완료 되었습니다.
[Reservation] Waiting until 10:40...
Error 403: {"error_description":"접근토큰 발급 잠시 후 다시 시도하세요(1분당 1회)","error_code":"EGW00133"}
Success! Access Token retrieved.

[Order] Placing SELL Order: 012200 x 1 @ 0
Success! Order No: 0000005504
Message: 모의투자 매도주문이 완료 되었습니다.
[Reservation] Waiting until 10:41...
Error 403: {"error_description":"접근토큰 발급 잠시 후 다시 시도하세요(1분당 1회)","error_code":"EGW00133"}
Success! Access Token retrieved.

[Order] Placing BUY Order: 439260 x 1 @ 0
Success! Order No: 0000005534
Message: 모의투자 매수주문이 완료 되었습니다.
[Reservation] Waiting until 10:49...
Success! Access Token retrieved.

[Order] Placing SELL Order: 005930 x 2 @ 0
Success! Order No: 0000005736
Message: 모의투자 매도주문이 완료 되었습니다.
[Reservation] Waiting until 10:49...
Error 403: {"error_description":"접근토큰 발급 잠시 후 다시 시도하세요(1분당 1회)","error_code":"EGW00133"}
Error 403: {"error_description":"접근토큰 발급 잠시 후 다시 시도하세요(1분당 1회)","error_code":"EGW00133"}
Error 403: {"error_description":"접근토큰 발급 잠시 후 다시 시도하세요(1분당 1회)","error_code":"EGW00133"}
[Reservation] Waiting until 10:49...
Error 403: {"error_description":"접근토큰 발급 잠시 후 다시 시도하세요(1분당 1회)","error_code":"EGW00133"}
Error 403: {"error_description":"접근토큰 발급 잠시 후 다시 시도하세요(1분당 1회)","error_code":"EGW00133"}
Error 403: {"error_description":"접근토큰 발급 잠시 후 다시 시도하세요(1분당 1회)","error_code":"EGW00133"}
[Reservation] Waiting until 10:49...
Error 403: {"error_description":"접근토큰 발급 잠시 후 다시 시도하세요(1분당 1회)","error_code":"EGW00133"}
Error 403: {"error_description":"접근토큰 발급 잠시 후 다시 시도하세요(1분당 1회)","error_code":"EGW00133"}
Error 403: {"error_description":"접근토큰 발급 잠시 후 다시 시도하세요(1분당 1회)","error_code":"EGW00133"}
[Reservation] Waiting until 10:50...
Success! Access Token retrieved.

[Order] Placing BUY Order: 097950 x 1 @ 0
Success! Order No: 0000005770
Message: 모의투자 매수주문이 완료 되었습니다.
[Reservation] Waiting until 10:51...
Success! Access Token retrieved.

[Order] Placing BUY Order: 373220 x 1 @ 0
Success! Order No: 0000005792
Message: 모의투자 매수주문이 완료 되었습니다.
[Reservation] Waiting until 10:51...
Error 403: {"error_description":"접근토큰 발급 잠시 후 다시 시도하세요(1분당 1회)","error_code":"EGW00133"}
Error 403: {"error_description":"접근토큰 발급 잠시 후 다시 시도하세요(1분당 1회)","error_code":"EGW00133"}
Error 403: {"error_description":"접근토큰 발급 잠시 후 다시 시도하세요(1분당 1회)","error_code":"EGW00133"}
[Reservation] Waiting until 10:55...
Success! Access Token retrieved.

[Order] Placing SELL Order: 064400 x 1 @ 0
Success! Order No: 0000005898
Message: 모의투자 매도주문이 완료 되었습니다.
[Reservation] Waiting until 10:55...
Error 403: {"error_description":"접근토큰 발급 잠시 후 다시 시도하세요(1분당 1회)","error_code":"EGW00133"}
Error 403: {"error_description":"접근토큰 발급 잠시 후 다시 시도하세요(1분당 1회)","error_code":"EGW00133"}
Error 403: {"error_description":"접근토큰 발급 잠시 후 다시 시도하세요(1분당 1회)","error_code":"EGW00133"}
[Reservation] Waiting until 10:55...
Error 403: {"error_description":"접근토큰 발급 잠시 후 다시 시도하세요(1분당 1회)","error_code":"EGW00133"}
Error 403: {"error_description":"접근토큰 발급 잠시 후 다시 시도하세요(1분당 1회)","error_code":"EGW00133"}
Error 403: {"error_description":"접근토큰 발급 잠시 후 다시 시도하세요(1분당 1회)","error_code":"EGW00133"}
[Reservation] Waiting until 10:55...
Error 403: {"error_description":"접근토큰 발급 잠시 후 다시 시도하세요(1분당 1회)","error_code":"EGW00133"}
Error 403: {"error_description":"접근토큰 발급 잠시 후 다시 시도하세요(1분당 1회)","error_code":"EGW00133"}
Error 403: {"error_description":"접근토큰 발급 잠시 후 다시 시도하세요(1분당 1회)","error_code":"EGW00133"}
[Reservation] Waiting until 10:55...
Error 403: {"error_description":"접근토큰 발급 잠시 후 다시 시도하세요(1분당 1회)","error_code":"EGW00133"}
Error 403: {"error_description":"접근토큰 발급 잠시 후 다시 시도하세요(1분당 1회)","error_code":"EGW00133"}
Error 403: {"error_description":"접근토큰 발급 잠시 후 다시 시도하세요(1분당 1회)","error_code":"EGW00133"}
[Reservation] Waiting until 10:55...
Error 403: {"error_description":"접근토큰 발급 잠시 후 다시 시도하세요(1분당 1회)","error_code":"EGW00133"}
Error 403: {"error_description":"접근토큰 발급 잠시 후 다시 시도하세요(1분당 1회)","error_code":"EGW00133"}
Error 403: {"error_description":"접근토큰 발급 잠시 후 다시 시도하세요(1분당 1회)","error_code":"EGW00133"}
[Reservation] Waiting until 11:05...

[Order] Placing SELL Order: 097950 x 1 @ 0
Success! Order No: 0000006180
Message: 모의투자 매도주문이 완료 되었습니다.
[Reservation] Waiting until 11:05...

[Order] Placing SELL Order: 373220 x 1 @ 0
Success! Order No: 0000006181
Message: 모의투자 매도주문이 완료 되었습니다.
[Reservation] Waiting until 11:05...

[Order] Placing SELL Order: 319400 x 8 @ 0
Success! Order No: 0000006182
Message: 모의투자 매도주문이 완료 되었습니다.
[Reservation] Waiting until 11:05...

[Order] Placing SELL Order: 000660 x 2 @ 0
Success! Order No: 0000006183
Message: 모의투자 매도주문이 완료 되었습니다.
[Reservation] Waiting until 11:05...

[Order] Placing SELL Order: 439260 x 1 @ 0
Success! Order No: 0000006184
Message: 모의투자 매도주문이 완료 되었습니다.
[Reservation] Waiting until 11:08...

[Order] Placing BUY Order: 009150 x 8 @ 0
Success! Order No: 0000006232
Message: 모의투자 매수주문이 완료 되었습니다.
[Reservation] Waiting until 11:08...

[Order] Placing BUY Order: 012210 x 1 @ 0
Success! Order No: 0000006233
Message: 모의투자 매수주문이 완료 되었습니다.
[Reservation] Waiting until 11:08...

[Order] Placing BUY Order: 0013V0 x 1 @ 0
Success! Order No: 0000006234
Message: 모의투자 매수주문이 완료 되었습니다.
[Reservation] Waiting until 11:08...

[Order] Placing BUY Order: 311690 x 5 @ 0
Success! Order No: 0000006235
Message: 모의투자 매수주문이 완료 되었습니다.
[Reservation] Waiting until 11:08...

[Order] Placing BUY Order: 443060 x 5 @ 0
Attempt 1 Failed: HTTP Error 500: {"rt_cd":"1","msg_cd":"EGW00201","msg1":"초당 거래건수를 초과하였습니다."}
Success! Order No: 0000006237
Message: 모의투자 매수주문이 완료 되었습니다.
[Reservation] Waiting until 11:08...

[Order] Placing BUY Order: 340440 x 5 @ 0
Attempt 1 Failed: HTTP Error 500: {"rt_cd":"1","msg_cd":"EGW00201","msg1":"초당 거래건수를 초과하였습니다."}
Success! Order No: 0000006238
Message: 모의투자 매수주문이 완료 되었습니다.
[Reservation] Waiting until 11:12...

[Order] Placing SELL Order: 443060 x 5 @ 192000
Success! Order No: 0000006319
Message: 모의투자 매도주문이 완료 되었습니다.
[Reservation] Waiting until 11:12...

[Order] Placing SELL Order: 340440 x 5 @ 1475
Success! Order No: 0000006320
Message: 모의투자 매도주문이 완료 되었습니다.
[Reservation] Waiting until 11:12...

[Order] Placing SELL Order: 311690 x 5 @ 9000
Success! Order No: 0000006321
Message: 모의투자 매도주문이 완료 되었습니다.
[Reservation] Waiting until 11:12...

[Order] Placing SELL Order: 0013V0 x 1 @ 11640
Success! Order No: 0000006322
Message: 모의투자 매도주문이 완료 되었습니다.
[Reservation] Waiting until 11:12...

[Order] Placing SELL Order: 009150 x 8 @ 261500
Success! Order No: 0000006323
Message: 모의투자 매도주문이 완료 되었습니다.
[Reservation] Waiting until 11:12...

[Order] Placing SELL Order: 012210 x 1 @ 8950
Attempt 1 Failed: HTTP Error 500: {"rt_cd":"1","msg_cd":"EGW00201","msg1":"초당 거래건수를 초과하였습니다."}
Success! Order No: 0000006325
Message: 모의투자 매도주문이 완료 되었습니다.
[Reservation] Waiting until 11:18...

[Order] Placing BUY Order: 490470 x 5 @ 0
Success! Order No: 0000006501
Message: 모의투자 매수주문이 완료 되었습니다.
[Reservation] Waiting until 11:18...

[Order] Placing BUY Order: 950250 x 5 @ 0
Success! Order No: 0000006503
Message: 모의투자 매수주문이 완료 되었습니다.
[Reservation] Waiting until 11:18...

[Order] Placing BUY Order: 036220 x 5 @ 0
Success! Order No: 0000006504
Message: 모의투자 매수주문이 완료 되었습니다.
[Reservation] Waiting until 11:18...

[Order] Placing BUY Order: 101970 x 5 @ 0
Attempt 1 Failed: HTTP Error 500: {"rt_cd":"1","msg_cd":"EGW00201","msg1":"초당 거래건수를 초과하였습니다."}
Success! Order No: 0000006505
Message: 모의투자 매수주문이 완료 되었습니다.
[Reservation] Waiting until 11:25...

[Order] Placing SELL Order: 036220 x 5 @ 0
Success! Order No: 0000006746
Message: 모의투자 매도주문이 완료 되었습니다.
[Reservation] Waiting until 11:25...

[Order] Placing SELL Order: 490470 x 5 @ 0
Success! Order No: 0000006747
Message: 모의투자 매도주문이 완료 되었습니다.
[Reservation] Waiting until 11:25...

[Order] Placing SELL Order: 950250 x 5 @ 0
Success! Order No: 0000006750
Message: 모의투자 매도주문이 완료 되었습니다.
[Reservation] Waiting until 11:25...

[Order] Placing SELL Order: 101970 x 5 @ 0
Attempt 1 Failed: HTTP Error 500: {"rt_cd":"1","msg_cd":"EGW00201","msg1":"초당 거래건수를 초과하였습니다."}
Success! Order No: 0000006751
Message: 모의투자 매도주문이 완료 되었습니다.
[Reservation] Waiting until 11:25...

[Order] Placing SELL Order: 036220 x 5 @ 0
Attempt 1 Failed: API Error: 모의투자 잔고내역이 없습니다. (Code: 40240000)
Attempt 2 Failed: API Error: 모의투자 잔고내역이 없습니다. (Code: 40240000)
Attempt 3 Failed: HTTP Error 500: {"rt_cd":"1","msg_cd":"EGW00201","msg1":"초당 거래건수를 초과하였습니다."}
[Reservation] Waiting until 11:25...

[Order] Placing SELL Order: 490470 x 5 @ 0
Attempt 1 Failed: API Error: 모의투자 잔고내역이 없습니다. (Code: 40240000)
Attempt 2 Failed: API Error: 모의투자 잔고내역이 없습니다. (Code: 40240000)
Attempt 3 Failed: API Error: 모의투자 잔고내역이 없습니다. (Code: 40240000)
[Reservation] Waiting until 11:25...

[Order] Placing SELL Order: 950250 x 5 @ 0
Attempt 1 Failed: HTTP Error 500: {"rt_cd":"1","msg_cd":"EGW00201","msg1":"초당 거래건수를 초과하였습니다."}
Attempt 2 Failed: HTTP Error 500: {"rt_cd":"1","msg_cd":"EGW00201","msg1":"초당 거래건수를 초과하였습니다."}
Attempt 3 Failed: HTTP Error 500: {"rt_cd":"1","msg_cd":"EGW00201","msg1":"초당 거래건수를 초과하였습니다."}
[Reservation] Waiting until 11:25...

[Order] Placing SELL Order: 101970 x 5 @ 0
Attempt 1 Failed: API Error: 모의투자 잔고내역이 없습니다. (Code: 40240000)
Attempt 2 Failed: API Error: 모의투자 잔고내역이 없습니다. (Code: 40240000)
Attempt 3 Failed: API Error: 모의투자 잔고내역이 없습니다. (Code: 40240000)
[Reservation] Waiting until 11:31...

[Order] Placing SELL Order: 101970 x 4 @ 0
Attempt 1 Failed: API Error: 모의투자 잔고내역이 없습니다. (Code: 40240000)
Attempt 2 Failed: API Error: 모의투자 잔고내역이 없습니다. (Code: 40240000)
Attempt 3 Failed: API Error: 모의투자 잔고내역이 없습니다. (Code: 40240000)
[Reservation] Waiting until 11:31...

[Order] Placing SELL Order: 036220 x 3 @ 0
Attempt 1 Failed: API Error: 모의투자 잔고내역이 없습니다. (Code: 40240000)
Attempt 2 Failed: API Error: 모의투자 잔고내역이 없습니다. (Code: 40240000)
Attempt 3 Failed: API Error: 모의투자 잔고내역이 없습니다. (Code: 40240000)
[Reservation] Waiting until 11:38...

[Order] Placing BUY Order: 403850 x 1 @ 0
Success! Order No: 0000007258
Message: 모의투자 매수주문이 완료 되었습니다.
[Reservation] Waiting until 11:38...

[Order] Placing BUY Order: 490470 x 1 @ 0
Success! Order No: 0000007259
Message: 모의투자 매수주문이 완료 되었습니다.
[Reservation] Waiting until 11:38...

[Order] Placing BUY Order: 455180 x 1 @ 0
Success! Order No: 0000007260
Message: 모의투자 매수주문이 완료 되었습니다.
[Reservation] Waiting until 11:38...

[Order] Placing BUY Order: 012210 x 1 @ 0
Success! Order No: 0000007261
Message: 모의투자 매수주문이 완료 되었습니다.
[Reservation] Waiting until 11:38...

[Order] Placing BUY Order: 412540 x 1 @ 0
Success! Order No: 0000007262
Message: 모의투자 매수주문이 완료 되었습니다.
[Reservation] Waiting until 11:40...

[Order] Placing BUY Order: 355690 x 1 @ 0
Success! Order No: 0000007316
Message: 모의투자 매수주문이 완료 되었습니다.
[Reservation] Waiting until 11:40...

[Order] Placing BUY Order: 405920 x 1 @ 0
Success! Order No: 0000007317
Message: 모의투자 매수주문이 완료 되었습니다.
[Reservation] Waiting until 11:40...

[Order] Placing BUY Order: 446440 x 1 @ 0
Attempt 1 Failed: API Error: 모의투자 주문처리가 안되었습니다(매매불가 종목) (Code: 40070000)
Attempt 2 Failed: API Error: 모의투자 주문처리가 안되었습니다(매매불가 종목) (Code: 40070000)
Attempt 3 Failed: API Error: 모의투자 주문처리가 안되었습니다(매매불가 종목) (Code: 40070000)
Attempt 4 Failed: API Error: 모의투자 주문처리가 안되었습니다(매매불가 종목) (Code: 40070000)
Attempt 5 Failed: API Error: 모의투자 주문처리가 안되었습니다(매매불가 종목) (Code: 40070000)
[Reservation] Waiting until 11:45...

[Order] Placing BUY Order: 396270 x 1 @ 0
Success! Order No: 0000007444
Message: 모의투자 매수주문이 완료 되었습니다.
[Reservation] Waiting until 11:45...

[Order] Placing BUY Order: 402030 x 1 @ 0
Success! Order No: 0000007445
Message: 모의투자 매수주문이 완료 되었습니다.
[Reservation] Waiting until 11:45...

[Order] Placing BUY Order: 107600 x 1 @ 0
Success! Order No: 0000007446
Message: 모의투자 매수주문이 완료 되었습니다.
[Reservation] Waiting until 11:45...

[Order] Placing BUY Order: 403550 x 1 @ 0
Success! Order No: 0000007447
Message: 모의투자 매수주문이 완료 되었습니다.
[Reservation] Waiting until 11:45...

[Order] Placing BUY Order: 291810 x 1 @ 0
Success! Order No: 0000007448
Message: 모의투자 매수주문이 완료 되었습니다.
[Reservation] Waiting until 11:45...

[Order] Placing BUY Order: 126720 x 1 @ 0
Rate Limit hit (초당 거래건수를 초과하였습니다.). Retrying 1/5...
Success! Order No: 0000007449
Message: 모의투자 매수주문이 완료 되었습니다.
[Reservation] Waiting until 11:45...

[Order] Placing BUY Order: 434190 x 1 @ 0
Rate Limit hit (초당 거래건수를 초과하였습니다.). Retrying 1/5...
Attempt 2 Failed: API Error: 모의투자 주문처리가 안되었습니다(매매불가 종목) (Code: 40070000)
Attempt 3 Failed: API Error: 모의투자 주문처리가 안되었습니다(매매불가 종목) (Code: 40070000)
Attempt 4 Failed: API Error: 모의투자 주문처리가 안되었습니다(매매불가 종목) (Code: 40070000)
Attempt 5 Failed: API Error: 모의투자 주문처리가 안되었습니다(매매불가 종목) (Code: 40070000)
[Reservation] Waiting until 11:52...

[Order] Placing BUY Order: 389260 x 10 @ 0
Success! Order No: 0000007580
Message: 모의투자 매수주문이 완료 되었습니다.
[Reservation] Waiting until 11:55...

[Order] Placing BUY Order: 0013V0 x 10 @ 0
Success! Order No: 0000007633
Message: 모의투자 매수주문이 완료 되었습니다.
[Reservation] Waiting until 12:07...

[Order] Placing BUY Order: 138360 x 10 @ 0
Success! Order No: 0000007977
Message: 모의투자 매수주문이 완료 되었습니다.
[Reservation] Waiting until 12:07...

[Order] Placing BUY Order: 204320 x 10 @ 0
Success! Order No: 0000007981
Message: 모의투자 매수주문이 완료 되었습니다.
[Reservation] Waiting until 12:07...

[Order] Placing BUY Order: 006800 x 1 @ 0
Success! Order No: 0000007982
Message: 모의투자 매수주문이 완료 되었습니다.
[Reservation] Waiting until 12:12...

[Order] Placing SELL Order: 403850 x 1 @ 0
Success! Order No: 0000008073
Message: 모의투자 매도주문이 완료 되었습니다.
[Reservation] Waiting until 12:12...

[Order] Placing SELL Order: 403550 x 1 @ 0
Success! Order No: 0000008074
Message: 모의투자 매도주문이 완료 되었습니다.
[Reservation] Waiting until 12:12...

[Order] Placing SELL Order: 389260 x 10 @ 0
Success! Order No: 0000008075
Message: 모의투자 매도주문이 완료 되었습니다.
[Reservation] Waiting until 12:12...

[Order] Placing SELL Order: 291810 x 1 @ 0
Success! Order No: 0000008077
Message: 모의투자 매도주문이 완료 되었습니다.
[Reservation] Waiting until 12:12...

[Order] Placing SELL Order: 034020 x 1 @ 0
Success! Order No: 0000008078
Message: 모의투자 매도주문이 완료 되었습니다.
[Reservation] Waiting until 12:12...

[Order] Placing SELL Order: 490470 x 1 @ 0
Success! Order No: 0000008079
Message: 모의투자 매도주문이 완료 되었습니다.
[Reservation] Waiting until 12:12...

[Order] Placing SELL Order: 138360 x 10 @ 0
Success! Order No: 0000008080
Message: 모의투자 매도주문이 완료 되었습니다.
[Reservation] Waiting until 12:12...

[Order] Placing SELL Order: 006800 x 1 @ 0
Success! Order No: 0000008081
Message: 모의투자 매도주문이 완료 되었습니다.
[Reservation] Waiting until 12:12...

[Order] Placing SELL Order: 204320 x 10 @ 0
Rate Limit hit (초당 거래건수를 초과하였습니다.). Retrying 1/5...
Success! Order No: 0000008082
Message: 모의투자 매도주문이 완료 되었습니다.
[Reservation] Waiting until 12:12...

[Order] Placing SELL Order: 355690 x 1 @ 0
Success! Order No: 0000008083
Message: 모의투자 매도주문이 완료 되었습니다.
[Reservation] Waiting until 12:12...

[Order] Placing SELL Order: 396270 x 1 @ 0
Rate Limit hit (초당 거래건수를 초과하였습니다.). Retrying 1/5...
Rate Limit hit (초당 거래건수를 초과하였습니다.). Retrying 2/5...
Success! Order No: 0000008084
Message: 모의투자 매도주문이 완료 되었습니다.
[Reservation] Waiting until 12:12...

[Order] Placing SELL Order: 126720 x 1 @ 0
Rate Limit hit (초당 거래건수를 초과하였습니다.). Retrying 1/5...
Rate Limit hit (초당 거래건수를 초과하였습니다.). Retrying 2/5...
Success! Order No: 0000008085
Message: 모의투자 매도주문이 완료 되었습니다.
[Reservation] Waiting until 12:12...

[Order] Placing SELL Order: 107600 x 1 @ 0
Rate Limit hit (초당 거래건수를 초과하였습니다.). Retrying 1/5...
Success! Order No: 0000008086
Message: 모의투자 매도주문이 완료 되었습니다.
[Reservation] Waiting until 12:12...

[Order] Placing SELL Order: 455180 x 1 @ 0
Rate Limit hit (초당 거래건수를 초과하였습니다.). Retrying 1/5...
Rate Limit hit (초당 거래건수를 초과하였습니다.). Retrying 2/5...
Success! Order No: 0000008087
Message: 모의투자 매도주문이 완료 되었습니다.
[Reservation] Waiting until 12:12...

[Order] Placing SELL Order: 402030 x 1 @ 0
Rate Limit hit (초당 거래건수를 초과하였습니다.). Retrying 1/5...
Rate Limit hit (초당 거래건수를 초과하였습니다.). Retrying 2/5...
Success! Order No: 0000008088
Message: 모의투자 매도주문이 완료 되었습니다.
[Reservation] Waiting until 12:12...

[Order] Placing SELL Order: 405920 x 1 @ 0
Rate Limit hit (초당 거래건수를 초과하였습니다.). Retrying 1/5...
Rate Limit hit (초당 거래건수를 초과하였습니다.). Retrying 2/5...
Rate Limit hit (초당 거래건수를 초과하였습니다.). Retrying 3/5...
Success! Order No: 0000008090
Message: 모의투자 매도주문이 완료 되었습니다.
[Reservation] Waiting until 12:12...

[Order] Placing SELL Order: 012210 x 1 @ 0
Rate Limit hit (초당 거래건수를 초과하였습니다.). Retrying 1/5...
Rate Limit hit (초당 거래건수를 초과하였습니다.). Retrying 2/5...
Rate Limit hit (초당 거래건수를 초과하였습니다.). Retrying 3/5...
Success! Order No: 0000008091
Message: 모의투자 매도주문이 완료 되었습니다.
[Reservation] Waiting until 12:12...

[Order] Placing SELL Order: 0013V0 x 10 @ 0
Rate Limit hit (초당 거래건수를 초과하였습니다.). Retrying 1/5...
Rate Limit hit (초당 거래건수를 초과하였습니다.). Retrying 2/5...
Rate Limit hit (초당 거래건수를 초과하였습니다.). Retrying 3/5...
Success! Order No: 0000008092
Message: 모의투자 매도주문이 완료 되었습니다.
[Reservation] Waiting until 12:29...

[Order] Placing BUY Order: 463020 x 1 @ 0
Success! Order No: 0000008416
Message: 모의투자 매수주문이 완료 되었습니다.
[Reservation] Waiting until 12:29...

[Order] Placing BUY Order: 484590 x 1 @ 0
Success! Order No: 0000008417
Message: 모의투자 매수주문이 완료 되었습니다.
[Reservation] Waiting until 12:29...

[Order] Placing BUY Order: 380550 x 1 @ 0
Success! Order No: 0000008418
Message: 모의투자 매수주문이 완료 되었습니다.
[Reservation] Waiting until 12:29...

[Order] Placing BUY Order: 081180 x 1 @ 0
Success! Order No: 0000008420
Message: 모의투자 매수주문이 완료 되었습니다.
[Reservation] Waiting until 12:29...

[Order] Placing BUY Order: 317450 x 1 @ 0
Success! Order No: 0000008421
Message: 모의투자 매수주문이 완료 되었습니다.
[Reservation] Waiting until 12:29...

[Order] Placing BUY Order: 388210 x 1 @ 0
Rate Limit hit (초당 거래건수를 초과하였습니다.). Retrying 1/5...
Success! Order No: 0000008424
Message: 모의투자 매수주문이 완료 되었습니다.
[Reservation] Waiting until 12:31...

[Order] Placing SELL Order: 388210 x 1 @ 0
Success! Order No: 0000008491
Message: 모의투자 매도주문이 완료 되었습니다.
[Reservation] Waiting until 12:31...

[Order] Placing SELL Order: 463020 x 1 @ 0
Success! Order No: 0000008492
Message: 모의투자 매도주문이 완료 되었습니다.
[Reservation] Waiting until 12:31...

[Order] Placing SELL Order: 950250 x 10 @ 0
Success! Order No: 0000008493
Message: 모의투자 매도주문이 완료 되었습니다.
[Reservation] Waiting until 12:31...

[Order] Placing SELL Order: 081180 x 1 @ 0
Rate Limit hit (초당 거래건수를 초과하였습니다.). Retrying 1/5...
Success! Order No: 0000008495
Message: 모의투자 매도주문이 완료 되었습니다.
[Reservation] Waiting until 12:31...

[Order] Placing SELL Order: 484590 x 1 @ 0
Rate Limit hit (초당 거래건수를 초과하였습니다.). Retrying 1/5...
Success! Order No: 0000008496
Message: 모의투자 매도주문이 완료 되었습니다.
[Reservation] Waiting until 12:31...

[Order] Placing SELL Order: 380550 x 1 @ 0
Success! Order No: 0000008497
Message: 모의투자 매도주문이 완료 되었습니다.
[Reservation] Waiting until 12:31...

[Order] Placing SELL Order: 0099W0 x 1 @ 0
Rate Limit hit (초당 거래건수를 초과하였습니다.). Retrying 1/5...
Success! Order No: 0000008498
Message: 모의투자 매도주문이 완료 되었습니다.
[Reservation] Waiting until 12:31...

[Order] Placing SELL Order: 0013V0 x 50 @ 0
Rate Limit hit (초당 거래건수를 초과하였습니다.). Retrying 1/5...
Rate Limit hit (초당 거래건수를 초과하였습니다.). Retrying 2/5...
Success! Order No: 0000008500
Message: 모의투자 매도주문이 완료 되었습니다.
[Reservation] Waiting until 15:25...

[Order] Placing SELL Order: 490470 x 5 @ 0
Attempt 1 Failed: API Error: 모의투자 잔고내역이 없습니다. (Code: 40240000)
Attempt 2 Failed: API Error: 모의투자 잔고내역이 없습니다. (Code: 40240000)
Attempt 3 Failed: API Error: 모의투자 잔고내역이 없습니다. (Code: 40240000)
[Reservation] Waiting until 15:25...

[Order] Placing SELL Order: 036220 x 5 @ 0
Attempt 1 Failed: API Error: 모의투자 잔고내역이 없습니다. (Code: 40240000)
Attempt 2 Failed: API Error: 모의투자 잔고내역이 없습니다. (Code: 40240000)
Attempt 3 Failed: API Error: 모의투자 잔고내역이 없습니다. (Code: 40240000)
[Reservation] Waiting until 15:25...

[Order] Placing SELL Order: 950250 x 5 @ 0
Attempt 1 Failed: API Error: 모의투자 잔고내역이 없습니다. (Code: 40240000)
Attempt 2 Failed: API Error: 모의투자 잔고내역이 없습니다. (Code: 40240000)
Attempt 3 Failed: HTTP Error 500: {"rt_cd":"1","msg_cd":"EGW00201","msg1":"초당 거래건수를 초과하였습니다."}
[Reservation] Waiting until 15:25...

[Order] Placing SELL Order: 101970 x 5 @ 0
Attempt 1 Failed: HTTP Error 500: {"rt_cd":"1","msg_cd":"EGW00201","msg1":"초당 거래건수를 초과하였습니다."}
Attempt 2 Failed: API Error: 모의투자 잔고내역이 없습니다. (Code: 40240000)
Attempt 3 Failed: API Error: 모의투자 잔고내역이 없습니다. (Code: 40240000)
