[2026-01-05 13:17:38.198360] Process started.
[2026-01-05 13:17:38.198760] New Schedule: 042700 x 1 @ 0, Time: 13:19
[2026-01-05 13:17:38.199277] Started. Target: 2026-01-05 13:19:00, Now: 2026-01-05 13:17:38.199277
[2026-01-05 13:17:38.199277] Waiting for 2026-01-05 13:19:00...
[2026-01-05 13:19:00.216877] Triggering Order for 042700...
[2026-01-05 13:19:01.127938] Order function called.
[2026-01-05 13:34:02.233987] Process started.
[2026-01-05 13:34:02.234543] New Schedule: 012200 x 1 @ 0, Time: 13:35
[2026-01-05 13:34:02.234543] Started. Target: 2026-01-05 13:35:00, Now: 2026-01-05 13:34:02.234543
[2026-01-05 13:34:02.235042] Waiting for 2026-01-05 13:35:00...
[2026-01-05 13:35:00.248342] Triggering Order for 012200...
[2026-01-05 13:35:01.036440] Order function called.
[2026-01-05 13:35:01.037340] History updated for 012200
[2026-01-05 13:37:52.016641] Process started.
[2026-01-05 13:37:52.016641] New Schedule: 090710 x 1 @ 0, Time: 13:38
[2026-01-05 13:37:52.017144] Started. Target: 2026-01-05 13:38:00, Now: 2026-01-05 13:37:52.016641
[2026-01-05 13:37:52.017144] Waiting for 2026-01-05 13:38:00...
[2026-01-05 13:38:00.019367] Triggering Order for 090710...
[2026-01-05 13:38:00.362858] Order function called.
[2026-01-05 13:38:00.363963] History updated for 090710
[2026-01-05 13:39:02.838228] Process started.
[2026-01-05 13:39:02.838228] New Schedule: 090710 x 1 @ 0, Time: 13:40
[2026-01-05 13:39:02.839261] Started. Target: 2026-01-05 13:40:00, Now: 2026-01-05 13:39:02.839261
[2026-01-05 13:39:02.839771] Waiting for 2026-01-05 13:40:00...
[2026-01-05 13:40:00.854050] Triggering Order for 090710...
[2026-01-05 13:40:01.641787] Order function called.
[2026-01-05 13:40:01.642795] History updated for 090710
[2026-01-05 13:40:44.813476] Process started.
[2026-01-05 13:40:44.814010] New Schedule: 123690 x 1 @ 0, Time: 13:42
[2026-01-05 13:40:44.814010] Started. Target: 2026-01-05 13:42:00, Now: 2026-01-05 13:40:44.814010
[2026-01-05 13:40:44.814728] Waiting for 2026-01-05 13:42:00...
[2026-01-05 13:40:56.324696] Process started.
[2026-01-05 13:40:56.325201] New Schedule: 005930 x 1 @ 0, Time: 13:42
[2026-01-05 13:40:56.325701] Started. Target: 2026-01-05 13:42:00, Now: 2026-01-05 13:40:56.325201
[2026-01-05 13:40:56.325701] Waiting for 2026-01-05 13:42:00...
[2026-01-05 13:42:00.342738] Triggering Order for 005930...
[2026-01-05 13:42:00.834354] Triggering Order for 123690...
[2026-01-05 13:42:01.290660] Order function called.
[2026-01-05 13:42:01.291663] History updated for 005930
[2026-01-05 13:42:01.311524] Order function called.
[2026-01-05 13:42:01.323816] History updated for 123690
[2026-01-05 13:44:38.594964] Process started.
[2026-01-05 13:44:38.594964] New Schedule: BUY 123690 x 1 @ 0, Time: 13:45
[2026-01-05 13:44:38.595466] Started. Target: 2026-01-05 13:45:00, Now: 2026-01-05 13:44:38.595466
[2026-01-05 13:44:38.595466] Waiting for 2026-01-05 13:45:00...
[2026-01-05 13:44:48.915049] Process started.
[2026-01-05 13:44:48.915049] New Schedule: BUY 005930 x 1 @ 0, Time: 13:45
[2026-01-05 13:44:48.915559] Started. Target: 2026-01-05 13:45:00, Now: 2026-01-05 13:44:48.915049
[2026-01-05 13:44:48.915559] Waiting for 2026-01-05 13:45:00...
[2026-01-05 13:45:00.600619] Triggering Order for 123690...
[2026-01-05 13:45:00.918330] Triggering Order for 005930...
[2026-01-05 13:45:00.990474] Order function called.
[2026-01-05 13:45:00.991974] History updated for 123690
[2026-01-05 13:45:01.299695] Order function called.
[2026-01-05 13:45:01.310855] History updated for 005930
[2026-01-05 13:46:25.779031] Process started.
[2026-01-05 13:46:25.779531] New Schedule: SELL 005930 x 1 @ 0, Time: 9:0
[2026-01-05 13:46:25.780032] Started. Target: 2026-01-05 09:00:00, Now: 2026-01-05 13:46:25.779531
[2026-01-05 13:46:25.780032] Target time has passed. Exiting.
[2026-01-05 13:46:25.780532] Skipped order (Time passed).
[2026-01-05 13:55:36.451286] Process started.
[2026-01-05 13:55:36.452222] New Schedule: BUY 005930 x 1 @ 0, Time: 13:57
[2026-01-05 13:55:36.452222] Started. Target: 2026-01-05 13:57:00, Now: 2026-01-05 13:55:36.452222
[2026-01-05 13:55:36.452222] Waiting for 2026-01-05 13:57:00...
[2026-01-05 13:55:47.682692] Process started.
[2026-01-05 13:55:47.682692] New Schedule: BUY 123690 x 1 @ 0, Time: 13:57
[2026-01-05 13:55:47.683226] Started. Target: 2026-01-05 13:57:00, Now: 2026-01-05 13:55:47.683226
[2026-01-05 13:55:47.683729] Waiting for 2026-01-05 13:57:00...
[2026-01-05 13:57:00.474465] Triggering Order for 005930...
[2026-01-05 13:57:00.702421] Triggering Order for 123690...
[2026-01-05 13:57:01.106956] Order function called.
[2026-01-05 13:57:01.107957] History updated for 123690
[2026-01-05 13:57:01.343980] Order function called.
[2026-01-05 13:57:01.354633] History updated for 005930
[2026-01-05 14:19:38.925215] Process started.
[2026-01-05 14:19:38.925215] New Schedule: BUY 005930 x 1 @ 0, Time: 14:21
[2026-01-05 14:19:38.925719] Started. Target: 2026-01-05 14:21:00, Now: 2026-01-05 14:19:38.925719
[2026-01-05 14:19:38.926225] Waiting for 2026-01-05 14:21:00...
[2026-01-05 14:19:49.660471] Process started.
[2026-01-05 14:19:49.660975] New Schedule: BUY 329180 x 1 @ 0, Time: 14:21
[2026-01-05 14:19:49.660975] Started. Target: 2026-01-05 14:21:00, Now: 2026-01-05 14:19:49.660975
[2026-01-05 14:19:49.661491] Waiting for 2026-01-05 14:21:00...
[2026-01-05 14:21:00.674866] Triggering Order for 329180...
[2026-01-05 14:21:00.947329] Triggering Order for 005930...
[2026-01-05 14:21:01.350289] Order function called.
[2026-01-05 14:21:01.351858] History updated for 005930
[2026-01-05 14:21:01.529051] Order function called.
[2026-01-05 14:21:01.537725] History updated for 329180
[2026-01-05 14:24:30.660917] Process started.
[2026-01-05 14:24:30.661813] New Schedule: BUY 329180 x 1 @ 0, Time: 14:26
[2026-01-05 14:24:30.661813] Started. Target: 2026-01-05 14:26:00, Now: 2026-01-05 14:24:30.661813
[2026-01-05 14:24:30.662313] Waiting for 2026-01-05 14:26:00...
[2026-01-05 14:24:56.698110] Process started.
[2026-01-05 14:24:56.698110] New Schedule: BUY 005930 x 1 @ 0, Time: 14:26
[2026-01-05 14:24:56.698613] Started. Target: 2026-01-05 14:26:00, Now: 2026-01-05 14:24:56.698613
[2026-01-05 14:24:56.698613] Waiting for 2026-01-05 14:26:00...
[2026-01-05 14:26:00.682799] Triggering Order for 329180...
[2026-01-05 14:26:00.713949] Triggering Order for 005930...
[2026-01-05 14:26:01.093950] Order failed: Failed to get Access Token
[2026-01-05 14:26:01.617820] Order function called.
[2026-01-05 14:26:01.618823] History updated for 329180
[2026-01-05 14:35:22.183940] Process started.
[2026-01-05 14:35:22.184440] New Schedule: BUY 005380 x 1 @ 0, Time: 9:5
[2026-01-05 14:35:22.184440] Started. Target: 2026-01-05 09:05:00, Now: 2026-01-05 14:35:22.184440
[2026-01-05 14:35:22.184940] Target time has passed. Exiting.
[2026-01-05 14:35:22.184940] Skipped order (Time passed).
[2026-01-05 14:57:37.925373] Process started.
[2026-01-05 14:57:37.925878] New Schedule: BUY 064400 x 1 @ 0, Time: 14:59
[2026-01-05 14:57:37.925878] Started. Target: 2026-01-05 14:59:00, Now: 2026-01-05 14:57:37.925878
[2026-01-05 14:57:37.926382] Waiting for 2026-01-05 14:59:00...
[2026-01-05 14:57:51.321596] Process started.
[2026-01-05 14:57:51.322622] New Schedule: BUY 005380 x 1 @ 0, Time: 14:59
[2026-01-05 14:57:51.322622] Started. Target: 2026-01-05 14:59:00, Now: 2026-01-05 14:57:51.322622
[2026-01-05 14:57:51.323146] Waiting for 2026-01-05 14:59:00...
[2026-01-05 14:59:00.342869] Target reached. Waiting 4.78s jitter to distribute load...
[2026-01-05 14:59:00.942117] Target reached. Waiting 2.81s jitter to distribute load...
[2026-01-05 14:59:03.751234] Triggering Order for 064400...
[2026-01-05 14:59:04.564564] Order function called.
[2026-01-05 14:59:04.565581] History updated for 064400
[2026-01-05 14:59:05.120503] Triggering Order for 005380...
[2026-01-05 14:59:05.440432] Order failed: Failed to get Access Token
[2026-01-05 15:02:53.075650] Process started.
[2026-01-05 15:02:53.076558] New Schedule: BUY 005380 x 1 @ 0, Time: 15:5
[2026-01-05 15:02:53.076558] Started. Target: 2026-01-05 15:05:00, Now: 2026-01-05 15:02:53.076558
[2026-01-05 15:02:53.077058] Waiting for 2026-01-05 15:05:00...
[2026-01-05 15:03:08.286011] Process started.
[2026-01-05 15:03:08.287014] New Schedule: BUY 042700 x 1 @ 0, Time: 15:5
[2026-01-05 15:03:08.287014] Started. Target: 2026-01-05 15:05:00, Now: 2026-01-05 15:03:08.287014
[2026-01-05 15:03:08.287014] Waiting for 2026-01-05 15:05:00...
[2026-01-05 15:05:00.105712] Target reached. Waiting 4.54s jitter to distribute load...
[2026-01-05 15:05:00.318275] Target reached. Waiting 3.93s jitter to distribute load...
[2026-01-05 15:05:04.251367] Triggering Order for 042700...
[2026-01-05 15:05:04.651399] Triggering Order for 005380...
[2026-01-05 15:05:05.132893] Order failed: Failed to get Access Token
[2026-01-05 15:05:05.213794] Order function called.
[2026-01-05 15:05:05.214296] History updated for 042700
[2026-01-05 15:08:01.024755] Process started.
[2026-01-05 15:08:01.025256] New Schedule: BUY 319400 x 1 @ 0, Time: 15:9
[2026-01-05 15:08:01.025256] Started. Target: 2026-01-05 15:09:00, Now: 2026-01-05 15:08:01.025256
[2026-01-05 15:08:01.025256] Waiting for 2026-01-05 15:09:00...
[2026-01-05 15:08:10.600707] Process started.
[2026-01-05 15:08:10.601213] New Schedule: BUY 090710 x 1 @ 0, Time: 15:9
[2026-01-05 15:08:10.601213] Started. Target: 2026-01-05 15:09:00, Now: 2026-01-05 15:08:10.601213
[2026-01-05 15:08:10.601715] Waiting for 2026-01-05 15:09:00...
[2026-01-05 15:08:20.494910] Process started.
[2026-01-05 15:08:20.494910] New Schedule: BUY 329180 x 2 @ 0, Time: 15:9
[2026-01-05 15:08:20.495412] Started. Target: 2026-01-05 15:09:00, Now: 2026-01-05 15:08:20.495412
[2026-01-05 15:08:20.495921] Waiting for 2026-01-05 15:09:00...
[2026-01-05 15:08:32.344592] Process started.
[2026-01-05 15:08:32.344592] New Schedule: BUY 042700 x 2 @ 0, Time: 15:9
[2026-01-05 15:08:32.344592] Started. Target: 2026-01-05 15:09:00, Now: 2026-01-05 15:08:32.344592
[2026-01-05 15:08:32.345595] Waiting for 2026-01-05 15:09:00...
[2026-01-05 15:09:00.041427] Target reached. Waiting 2.22s jitter to distribute load...
[2026-01-05 15:09:00.351457] Target reached. Waiting 2.43s jitter to distribute load...
[2026-01-05 15:09:00.507872] Target reached. Waiting 4.73s jitter to distribute load...
[2026-01-05 15:09:00.613366] Target reached. Waiting 2.24s jitter to distribute load...
[2026-01-05 15:09:02.260380] Triggering Order for 319400...
[2026-01-05 15:09:02.779340] Triggering Order for 042700...
[2026-01-05 15:09:02.851166] Triggering Order for 090710...
[2026-01-05 15:09:03.165296] Order function called.
[2026-01-05 15:09:03.166297] History updated for 319400
[2026-01-05 15:09:03.285349] Order failed: Failed to get Access Token
[2026-01-05 15:09:03.321275] Order failed: Failed to get Access Token
[2026-01-05 15:09:05.241593] Triggering Order for 329180...
[2026-01-05 15:09:05.625230] Order failed: Failed to get Access Token
[2026-01-05 15:12:39.702535] Process started.
[2026-01-05 15:12:39.703037] New Schedule: BUY 042700 x 2 @ 0, Time: 15:15
[2026-01-05 15:12:39.703037] Started. Target: 2026-01-05 15:15:00, Now: 2026-01-05 15:12:39.703037
[2026-01-05 15:12:39.703037] Waiting for 2026-01-05 15:15:00...
[2026-01-05 15:12:51.078230] Process started.
[2026-01-05 15:12:51.078731] New Schedule: BUY 319400 x 2 @ 0, Time: 15:15
[2026-01-05 15:12:51.078731] Started. Target: 2026-01-05 15:15:00, Now: 2026-01-05 15:12:51.078731
[2026-01-05 15:12:51.079231] Waiting for 2026-01-05 15:15:00...
[2026-01-05 15:13:09.521935] Process started.
[2026-01-05 15:13:09.522937] New Schedule: BUY 329180 x 2 @ 0, Time: 15:15
[2026-01-05 15:13:09.522937] Started. Target: 2026-01-05 15:15:00, Now: 2026-01-05 15:13:09.522937
[2026-01-05 15:13:09.523476] Waiting for 2026-01-05 15:15:00...
[2026-01-05 15:15:00.115414] Target reached. Waiting 2.72s jitter to distribute load...
[2026-01-05 15:15:00.555116] Target reached. Waiting 4.29s jitter to distribute load...
[2026-01-05 15:15:00.742853] Target reached. Waiting 3.02s jitter to distribute load...
[2026-01-05 15:15:02.831495] Triggering Order for 319400...
[2026-01-05 15:15:03.651780] Order function called.
[2026-01-05 15:15:03.653289] History updated for 319400
[2026-01-05 15:15:03.765338] Triggering Order for 042700...
[2026-01-05 15:15:04.121095] Order failed: Failed to get Access Token
[2026-01-05 15:15:04.849862] Triggering Order for 329180...
[2026-01-05 15:15:05.241317] Order failed: Failed to get Access Token
[2026-01-05 15:17:14.514646] Process started.
[2026-01-05 15:17:14.515150] New Schedule: BUY 329180 x 2 @ 0, Time: 15:18
[2026-01-05 15:17:14.515150] Started. Target: 2026-01-05 15:18:00, Now: 2026-01-05 15:17:14.515150
[2026-01-05 15:17:14.515655] Waiting for 2026-01-05 15:18:00...
[2026-01-05 15:17:23.499086] Process started.
[2026-01-05 15:17:23.499588] New Schedule: BUY 042700 x 2 @ 0, Time: 15:18
[2026-01-05 15:17:23.499588] Started. Target: 2026-01-05 15:18:00, Now: 2026-01-05 15:17:23.499588
[2026-01-05 15:17:23.500376] Waiting for 2026-01-05 15:18:00...
[2026-01-05 15:17:35.312797] Process started.
[2026-01-05 15:17:35.313296] New Schedule: BUY 319400 x 4 @ 0, Time: 15:18
[2026-01-05 15:17:35.313296] Started. Target: 2026-01-05 15:18:00, Now: 2026-01-05 15:17:35.313296
[2026-01-05 15:17:35.313296] Waiting for 2026-01-05 15:18:00...
[2026-01-05 15:18:00.320841] Target reached. Waiting 4.02s jitter to distribute load...
[2026-01-05 15:18:00.510731] Target reached. Waiting 2.20s jitter to distribute load...
[2026-01-05 15:18:00.526063] Target reached. Waiting 1.16s jitter to distribute load...
[2026-01-05 15:18:01.682096] Triggering Order for 329180...
[2026-01-05 15:18:02.485297] Order function called.
[2026-01-05 15:18:02.486302] History updated for 329180
[2026-01-05 15:18:02.709090] Triggering Order for 042700...
[2026-01-05 15:18:04.343164] Triggering Order for 319400...
[2026-01-05 15:18:06.756852] Order failed: Failed to get Access Token
[2026-01-05 15:18:08.385667] Order failed: Failed to get Access Token
[2026-01-05 15:28:04.956058] Process started.
[2026-01-05 15:28:04.956058] New Schedule: BUY 319400 x 4 @ 0, Time: 15:29
[2026-01-05 15:28:04.956058] Started. Target: 2026-01-05 15:29:00, Now: 2026-01-05 15:28:04.956058
[2026-01-05 15:28:04.957062] Waiting for 2026-01-05 15:29:00...
[2026-01-05 15:29:00.974655] Target reached. Waiting 4.28s jitter to distribute load...
[2026-01-05 15:29:05.254418] Triggering Order for 319400...
[2026-01-05 15:29:06.008230] Order function called.
[2026-01-05 15:29:06.009233] History updated for 319400
[2026-01-05 15:30:18.803042] Process started.
[2026-01-05 15:30:18.803042] New Schedule: SELL 319400 x 8 @ 0, Time: 15:30
[2026-01-05 15:30:18.803042] Started. Target: 2026-01-05 15:30:00, Now: 2026-01-05 15:30:18.803042
[2026-01-05 15:30:18.804006] Target time has passed. Exiting.
[2026-01-05 15:30:18.804006] Skipped order (Time passed).
[2026-01-05 15:30:25.410573] Process started.
[2026-01-05 15:30:25.411248] New Schedule: SELL 319400 x 8 @ 0, Time: 15:31
[2026-01-05 15:30:25.411747] Started. Target: 2026-01-05 15:31:00, Now: 2026-01-05 15:30:25.411248
[2026-01-05 15:30:25.411747] Waiting for 2026-01-05 15:31:00...
[2026-01-05 15:31:00.420961] Target reached. Waiting 2.74s jitter to distribute load...
[2026-01-05 15:31:03.164900] Triggering Order for 319400...
[2026-01-05 15:31:09.355331] Order failed: API Error: 모의투자 장종료 입니다. (Code: 40580000)
[2026-01-06 10:33:01.434839] Process started.
[2026-01-06 10:33:01.435381] New Schedule: SELL 319400 x 8 @ 0, Time: 10:35
[2026-01-06 10:33:01.435882] Started. Target: 2026-01-06 10:35:00, Now: 2026-01-06 10:33:01.435381
[2026-01-06 10:33:01.435882] Waiting for 2026-01-06 10:35:00...
[2026-01-06 10:33:20.106764] Process started.
[2026-01-06 10:33:20.107768] New Schedule: SELL 329180 x 4 @ 0, Time: 10:35
[2026-01-06 10:33:20.107768] Started. Target: 2026-01-06 10:35:00, Now: 2026-01-06 10:33:20.107768
[2026-01-06 10:33:20.107768] Waiting for 2026-01-06 10:35:00...
[2026-01-06 10:33:36.668386] Process started.
[2026-01-06 10:33:36.669678] New Schedule: BUY 042700 x 4 @ 0, Time: 10:35
[2026-01-06 10:33:36.670178] Started. Target: 2026-01-06 10:35:00, Now: 2026-01-06 10:33:36.669678
[2026-01-06 10:33:36.670178] Waiting for 2026-01-06 10:35:00...
[2026-01-06 10:35:00.137856] Target reached. Waiting 0.87s jitter to distribute load...
[2026-01-06 10:35:00.472552] Target reached. Waiting 4.89s jitter to distribute load...
[2026-01-06 10:35:00.696997] Target reached. Waiting 1.09s jitter to distribute load...
[2026-01-06 10:35:01.004292] Triggering Order for 329180...
[2026-01-06 10:35:01.785549] Triggering Order for 042700...
[2026-01-06 10:35:02.130090] Order function called.
[2026-01-06 10:35:05.363713] Triggering Order for 319400...
[2026-01-06 10:35:05.891734] Order failed: Failed to get Access Token
[2026-01-06 10:35:09.384640] Order failed: Failed to get Access Token
[2026-01-06 10:38:31.202471] Process started.
[2026-01-06 10:38:31.202471] New Schedule: SELL 090710 x 1 @ 0, Time: 10:39
[2026-01-06 10:38:31.202973] Started. Target: 2026-01-06 10:39:00, Now: 2026-01-06 10:38:31.202973
[2026-01-06 10:38:31.203476] Waiting for 2026-01-06 10:39:00...
[2026-01-06 10:38:49.299291] Process started.
[2026-01-06 10:38:49.299291] New Schedule: SELL 012200 x 1 @ 0, Time: 10:40
[2026-01-06 10:38:49.299981] Started. Target: 2026-01-06 10:40:00, Now: 2026-01-06 10:38:49.299981
[2026-01-06 10:38:49.299981] Waiting for 2026-01-06 10:40:00...
[2026-01-06 10:39:00.211627] Target reached. Waiting 4.70s jitter to distribute load...
[2026-01-06 10:39:04.911327] Triggering Order for 090710...
[2026-01-06 10:39:05.775243] Order function called.
[2026-01-06 10:39:16.204361] Process started.
[2026-01-06 10:39:16.204361] New Schedule: BUY 439260 x 1 @ 0, Time: 10:41
[2026-01-06 10:39:16.204361] Started. Target: 2026-01-06 10:41:00, Now: 2026-01-06 10:39:16.204361
[2026-01-06 10:39:16.205363] Waiting for 2026-01-06 10:41:00...
[2026-01-06 10:40:00.324958] Target reached. Waiting 2.33s jitter to distribute load...
[2026-01-06 10:40:02.652431] Triggering Order for 012200...
[2026-01-06 10:40:04.857610] Order function called.
[2026-01-06 10:41:00.239738] Target reached. Waiting 2.85s jitter to distribute load...
[2026-01-06 10:41:03.085819] Triggering Order for 439260...
[2026-01-06 10:41:05.311750] Order function called.
[2026-01-06 10:41:05.312753] History updated for 439260
[2026-01-06 10:47:48.115367] Process started.
[2026-01-06 10:47:48.115878] New Schedule: SELL 005930 x 2 @ 0, Time: 10:49
[2026-01-06 10:47:48.116380] Started. Target: 2026-01-06 10:49:00, Now: 2026-01-06 10:47:48.115878
[2026-01-06 10:47:48.116380] Waiting for 2026-01-06 10:49:00...
[2026-01-06 10:48:01.449971] Process started.
[2026-01-06 10:48:01.450975] New Schedule: SELL 064400 x 2 @ 0, Time: 10:49
[2026-01-06 10:48:01.450975] Started. Target: 2026-01-06 10:49:00, Now: 2026-01-06 10:48:01.450975
[2026-01-06 10:48:01.450975] Waiting for 2026-01-06 10:49:00...
[2026-01-06 10:48:16.934399] Process started.
[2026-01-06 10:48:16.934899] New Schedule: SELL 439260 x 1 @ 0, Time: 10:49
[2026-01-06 10:48:16.935399] Started. Target: 2026-01-06 10:49:00, Now: 2026-01-06 10:48:16.934899
[2026-01-06 10:48:16.935399] Waiting for 2026-01-06 10:49:00...
[2026-01-06 10:48:29.434804] Process started.
[2026-01-06 10:48:29.435311] New Schedule: BUY 003490 x 1 @ 0, Time: 10:49
[2026-01-06 10:48:29.435811] Started. Target: 2026-01-06 10:49:00, Now: 2026-01-06 10:48:29.435311
[2026-01-06 10:48:29.435811] Waiting for 2026-01-06 10:49:00...
[2026-01-06 10:49:00.135079] Target reached. Waiting 1.14s jitter to distribute load...
[2026-01-06 10:49:00.443099] Target reached. Waiting 4.46s jitter to distribute load...
[2026-01-06 10:49:00.470064] Target reached. Waiting 1.15s jitter to distribute load...
[2026-01-06 10:49:00.946463] Target reached. Waiting 3.05s jitter to distribute load...
[2026-01-06 10:49:01.275524] Triggering Order for 005930...
[2026-01-06 10:49:01.626094] Triggering Order for 064400...
[2026-01-06 10:49:02.340179] Order function called.
[2026-01-06 10:49:04.000545] Triggering Order for 439260...
[2026-01-06 10:49:04.903690] Triggering Order for 003490...
[2026-01-06 10:49:05.810522] Order failed: Failed to get Access Token
[2026-01-06 10:49:08.030347] Order failed: Failed to get Access Token
[2026-01-06 10:49:08.944157] Order failed: Failed to get Access Token
[2026-01-06 10:49:58.210952] Process started.
[2026-01-06 10:49:58.210952] New Schedule: BUY 097950 x 1 @ 0, Time: 10:50
[2026-01-06 10:49:58.211955] Started. Target: 2026-01-06 10:50:00, Now: 2026-01-06 10:49:58.210952
[2026-01-06 10:49:58.211955] Waiting for 2026-01-06 10:50:00...
[2026-01-06 10:50:00.212762] Target reached. Waiting 4.67s jitter to distribute load...
[2026-01-06 10:50:04.885028] Triggering Order for 097950...
[2026-01-06 10:50:05.767206] Order function called.
[2026-01-06 10:50:05.780375] History updated for 097950
[2026-01-06 10:50:14.798493] Process started.
[2026-01-06 10:50:14.798993] New Schedule: BUY 000270 x 1 @ 0, Time: 10:51
[2026-01-06 10:50:14.799494] Started. Target: 2026-01-06 10:51:00, Now: 2026-01-06 10:50:14.798993
[2026-01-06 10:50:14.799494] Waiting for 2026-01-06 10:51:00...
[2026-01-06 10:50:27.980955] Process started.
[2026-01-06 10:50:27.982507] New Schedule: BUY 373220 x 1 @ 0, Time: 10:51
[2026-01-06 10:50:27.983004] Started. Target: 2026-01-06 10:51:00, Now: 2026-01-06 10:50:27.983004
[2026-01-06 10:50:27.983504] Waiting for 2026-01-06 10:51:00...
[2026-01-06 10:51:00.811194] Target reached. Waiting 2.33s jitter to distribute load...
[2026-01-06 10:51:00.989863] Target reached. Waiting 3.09s jitter to distribute load...
[2026-01-06 10:51:03.138573] Triggering Order for 000270...
[2026-01-06 10:51:04.080746] Triggering Order for 373220...
[2026-01-06 10:51:05.081128] Order function called.
[2026-01-06 10:51:05.099536] History updated for 373220
[2026-01-06 10:51:07.414061] Order failed: Failed to get Access Token
[2026-01-06 10:51:42.249416] Process started.
[2026-01-06 10:51:42.249416] New Schedule: SELL 000660 x 2 @ 0, Time: 10:55
[2026-01-06 10:51:42.250418] Started. Target: 2026-01-06 10:55:00, Now: 2026-01-06 10:51:42.249416
[2026-01-06 10:51:42.250418] Waiting for 2026-01-06 10:55:00...
[2026-01-06 10:51:54.188951] Process started.
[2026-01-06 10:51:54.189454] New Schedule: SELL 064400 x 1 @ 0, Time: 10:55
[2026-01-06 10:51:54.189454] Started. Target: 2026-01-06 10:55:00, Now: 2026-01-06 10:51:54.189454
[2026-01-06 10:51:54.189986] Waiting for 2026-01-06 10:55:00...
[2026-01-06 10:52:06.016955] Process started.
[2026-01-06 10:52:06.016955] New Schedule: SELL 097950 x 1 @ 0, Time: 10:55
[2026-01-06 10:52:06.017959] Started. Target: 2026-01-06 10:55:00, Now: 2026-01-06 10:52:06.017959
[2026-01-06 10:52:06.018488] Waiting for 2026-01-06 10:55:00...
[2026-01-06 10:52:17.373268] Process started.
[2026-01-06 10:52:17.373268] New Schedule: SELL 319400 x 8 @ 0, Time: 10:55
[2026-01-06 10:52:17.373268] Started. Target: 2026-01-06 10:55:00, Now: 2026-01-06 10:52:17.373268
[2026-01-06 10:52:17.374242] Waiting for 2026-01-06 10:55:00...
[2026-01-06 10:52:28.103288] Process started.
[2026-01-06 10:52:28.103788] New Schedule: SELL 373220 x 1 @ 0, Time: 10:55
[2026-01-06 10:52:28.103788] Started. Target: 2026-01-06 10:55:00, Now: 2026-01-06 10:52:28.103788
[2026-01-06 10:52:28.104288] Waiting for 2026-01-06 10:55:00...
[2026-01-06 10:52:37.194178] Process started.
[2026-01-06 10:52:37.194178] New Schedule: SELL 439260 x 1 @ 0, Time: 10:55
[2026-01-06 10:52:37.194682] Started. Target: 2026-01-06 10:55:00, Now: 2026-01-06 10:52:37.194682
[2026-01-06 10:52:37.194682] Waiting for 2026-01-06 10:55:00...
[2026-01-06 10:55:00.061377] Target reached. Waiting 1.43s jitter to distribute load...
[2026-01-06 10:55:00.136314] Target reached. Waiting 2.81s jitter to distribute load...
[2026-01-06 10:55:00.229388] Target reached. Waiting 4.12s jitter to distribute load...
[2026-01-06 10:55:00.292863] Target reached. Waiting 1.02s jitter to distribute load...
[2026-01-06 10:55:00.409762] Target reached. Waiting 3.68s jitter to distribute load...
[2026-01-06 10:55:01.027053] Triggering Order for 064400...
[2026-01-06 10:55:01.315147] Triggering Order for 000660...
[2026-01-06 10:55:01.488194] Triggering Order for 097950...
[2026-01-06 10:55:01.980005] Order function called.
[2026-01-06 10:55:02.950257] Triggering Order for 373220...
[2026-01-06 10:55:04.090523] Triggering Order for 319400...
[2026-01-06 10:55:04.352480] Triggering Order for 439260...
[2026-01-06 10:55:05.600077] Order failed: Failed to get Access Token
[2026-01-06 10:55:05.888814] Order failed: Failed to get Access Token
[2026-01-06 10:55:07.355213] Order failed: Failed to get Access Token
[2026-01-06 10:55:08.347300] Order failed: Failed to get Access Token
[2026-01-06 10:55:08.678256] Order failed: Failed to get Access Token
[2026-01-06 10:58:56.420919] Process started.
[2026-01-06 10:58:56.421428] Critical Crash: invalid literal for int() with base 10: ''
[2026-01-06 10:59:07.286230] Process started.
[2026-01-06 10:59:07.286230] Critical Crash: invalid literal for int() with base 10: ''
[2026-01-06 10:59:16.908096] Process started.
[2026-01-06 10:59:16.909100] Critical Crash: invalid literal for int() with base 10: ''
[2026-01-06 10:59:25.641895] Process started.
[2026-01-06 10:59:25.642394] Critical Crash: invalid literal for int() with base 10: ''
[2026-01-06 10:59:33.208370] Process started.
[2026-01-06 10:59:33.208873] Critical Crash: invalid literal for int() with base 10: ''
[2026-01-06 11:03:16.670069] Process started.
[2026-01-06 11:03:16.670570] New Schedule: SELL 000660 x 2 @ 0, Time: 11:5
[2026-01-06 11:03:16.671071] Started. Target: 2026-01-06 11:05:00, Now: 2026-01-06 11:03:16.671071
[2026-01-06 11:03:16.671571] Waiting for 2026-01-06 11:05:00...
[2026-01-06 11:03:29.919038] Process started.
[2026-01-06 11:03:29.919038] New Schedule: SELL 097950 x 1 @ 0, Time: 11:5
[2026-01-06 11:03:29.920042] Started. Target: 2026-01-06 11:05:00, Now: 2026-01-06 11:03:29.920042
[2026-01-06 11:03:29.920042] Waiting for 2026-01-06 11:05:00...
[2026-01-06 11:03:38.677722] Process started.
[2026-01-06 11:03:38.678726] New Schedule: SELL 319400 x 8 @ 0, Time: 11:5
[2026-01-06 11:03:38.679242] Started. Target: 2026-01-06 11:05:00, Now: 2026-01-06 11:03:38.678726
[2026-01-06 11:03:38.679745] Waiting for 2026-01-06 11:05:00...
[2026-01-06 11:03:46.946183] Process started.
[2026-01-06 11:03:46.946183] New Schedule: SELL 373220 x 1 @ 0, Time: 11:5
[2026-01-06 11:03:46.946183] Started. Target: 2026-01-06 11:05:00, Now: 2026-01-06 11:03:46.946183
[2026-01-06 11:03:46.947187] Waiting for 2026-01-06 11:05:00...
[2026-01-06 11:03:55.138108] Process started.
[2026-01-06 11:03:55.138108] New Schedule: SELL 439260 x 1 @ 0, Time: 11:5
[2026-01-06 11:03:55.139110] Started. Target: 2026-01-06 11:05:00, Now: 2026-01-06 11:03:55.138108
[2026-01-06 11:03:55.139110] Waiting for 2026-01-06 11:05:00...
[2026-01-06 11:05:00.155442] Target reached. Waiting 4.29s jitter to distribute load...
[2026-01-06 11:05:00.695916] Target reached. Waiting 2.84s jitter to distribute load...
[2026-01-06 11:05:00.699354] Target reached. Waiting 2.61s jitter to distribute load...
[2026-01-06 11:05:00.939645] Target reached. Waiting 1.24s jitter to distribute load...
[2026-01-06 11:05:00.965876] Target reached. Waiting 1.70s jitter to distribute load...
[2026-01-06 11:05:02.177270] Triggering Order for 097950...
[2026-01-06 11:05:02.644708] Order function called.
[2026-01-06 11:05:02.667714] Triggering Order for 373220...
[2026-01-06 11:05:03.083365] Order function called.
[2026-01-06 11:05:03.314098] Triggering Order for 319400...
[2026-01-06 11:05:03.539556] Triggering Order for 000660...
[2026-01-06 11:05:03.729092] Order function called.
[2026-01-06 11:05:03.978023] Order function called.
[2026-01-06 11:05:04.440969] Triggering Order for 439260...
[2026-01-06 11:05:04.836974] Order function called.
[2026-01-06 11:06:06.412336] Process started.
[2026-01-06 11:06:06.413018] New Schedule: BUY 012210 x 1 @ 0, Time: 11:8
[2026-01-06 11:06:06.413018] Started. Target: 2026-01-06 11:08:00, Now: 2026-01-06 11:06:06.413018
[2026-01-06 11:06:06.413018] Waiting for 2026-01-06 11:08:00...
[2026-01-06 11:06:24.423361] Process started.
[2026-01-06 11:06:24.423864] New Schedule: BUY 009150 x 8 @ 0, Time: 11:8
[2026-01-06 11:06:24.423864] Started. Target: 2026-01-06 11:08:00, Now: 2026-01-06 11:06:24.423864
[2026-01-06 11:06:24.424366] Waiting for 2026-01-06 11:08:00...
[2026-01-06 11:06:37.927843] Process started.
[2026-01-06 11:06:37.928855] New Schedule: BUY 443060 x 5 @ 0, Time: 11:8
[2026-01-06 11:06:37.929441] Started. Target: 2026-01-06 11:08:00, Now: 2026-01-06 11:06:37.929441
[2026-01-06 11:06:37.929941] Waiting for 2026-01-06 11:08:00...
[2026-01-06 11:06:49.700849] Process started.
[2026-01-06 11:06:49.701476] New Schedule: BUY 311690 x 5 @ 0, Time: 11:8
[2026-01-06 11:06:49.701476] Started. Target: 2026-01-06 11:08:00, Now: 2026-01-06 11:06:49.701476
[2026-01-06 11:06:49.701978] Waiting for 2026-01-06 11:08:00...
[2026-01-06 11:06:57.707919] Process started.
[2026-01-06 11:06:57.708419] New Schedule: BUY 340440 x 5 @ 0, Time: 11:8
[2026-01-06 11:06:57.708919] Started. Target: 2026-01-06 11:08:00, Now: 2026-01-06 11:06:57.708419
[2026-01-06 11:06:57.708919] Waiting for 2026-01-06 11:08:00...
[2026-01-06 11:07:21.640589] Process started.
[2026-01-06 11:07:21.641099] New Schedule: BUY 0013V0 x 1 @ 0, Time: 11:8
[2026-01-06 11:07:21.641099] Started. Target: 2026-01-06 11:08:00, Now: 2026-01-06 11:07:21.641099
[2026-01-06 11:07:21.641099] Waiting for 2026-01-06 11:08:00...
[2026-01-06 11:08:00.443358] Target reached. Waiting 1.82s jitter to distribute load...
[2026-01-06 11:08:00.445914] Target reached. Waiting 1.76s jitter to distribute load...
[2026-01-06 11:08:00.651365] Target reached. Waiting 2.10s jitter to distribute load...
[2026-01-06 11:08:00.719037] Target reached. Waiting 2.19s jitter to distribute load...
[2026-01-06 11:08:00.724523] Target reached. Waiting 1.67s jitter to distribute load...
[2026-01-06 11:08:00.950970] Target reached. Waiting 1.30s jitter to distribute load...
[2026-01-06 11:08:02.210301] Triggering Order for 009150...
[2026-01-06 11:08:02.252175] Triggering Order for 443060...
[2026-01-06 11:08:02.260256] Triggering Order for 012210...
[2026-01-06 11:08:02.391460] Triggering Order for 340440...
[2026-01-06 11:08:02.737234] Order function called.
[2026-01-06 11:08:02.751587] History updated for 009150
[2026-01-06 11:08:02.756471] Triggering Order for 0013V0...
[2026-01-06 11:08:02.767650] Order function called.
[2026-01-06 11:08:02.779289] History updated for 012210
[2026-01-06 11:08:02.905892] Triggering Order for 311690...
[2026-01-06 11:08:03.243256] Order function called.
[2026-01-06 11:08:03.255462] History updated for 0013V0
[2026-01-06 11:08:03.385130] Order function called.
[2026-01-06 11:08:03.396976] History updated for 311690
[2026-01-06 11:08:04.235502] Order function called.
[2026-01-06 11:08:04.248034] History updated for 443060
[2026-01-06 11:08:04.339492] Order function called.
[2026-01-06 11:08:04.352515] History updated for 340440
[2026-01-06 11:10:32.000497] Process started.
[2026-01-06 11:10:32.001501] New Schedule: SELL 0013V0 x 1 @ 11640, Time: 11:12
[2026-01-06 11:10:32.001501] Started. Target: 2026-01-06 11:12:00, Now: 2026-01-06 11:10:32.001501
[2026-01-06 11:10:32.002038] Waiting for 2026-01-06 11:12:00...
[2026-01-06 11:10:32.012571] Process started.
[2026-01-06 11:10:32.012571] New Schedule: SELL 009150 x 8 @ 261500, Time: 11:12
[2026-01-06 11:10:32.013574] Started. Target: 2026-01-06 11:12:00, Now: 2026-01-06 11:10:32.012571
[2026-01-06 11:10:32.013574] Waiting for 2026-01-06 11:12:00...
[2026-01-06 11:10:32.026639] Process started.
[2026-01-06 11:10:32.026639] New Schedule: SELL 012210 x 1 @ 8950, Time: 11:12
[2026-01-06 11:10:32.027139] Started. Target: 2026-01-06 11:12:00, Now: 2026-01-06 11:10:32.027139
[2026-01-06 11:10:32.027139] Waiting for 2026-01-06 11:12:00...
[2026-01-06 11:10:32.045727] Process started.
[2026-01-06 11:10:32.045727] New Schedule: SELL 311690 x 5 @ 9000, Time: 11:12
[2026-01-06 11:10:32.045727] Started. Target: 2026-01-06 11:12:00, Now: 2026-01-06 11:10:32.045727
[2026-01-06 11:10:32.046729] Waiting for 2026-01-06 11:12:00...
[2026-01-06 11:10:32.060293] Process started.
[2026-01-06 11:10:32.060293] New Schedule: SELL 340440 x 5 @ 1475, Time: 11:12
[2026-01-06 11:10:32.060793] Started. Target: 2026-01-06 11:12:00, Now: 2026-01-06 11:10:32.060793
[2026-01-06 11:10:32.060793] Waiting for 2026-01-06 11:12:00...
[2026-01-06 11:10:32.080673] Process started.
[2026-01-06 11:10:32.081173] New Schedule: SELL 443060 x 5 @ 192000, Time: 11:12
[2026-01-06 11:10:32.081674] Started. Target: 2026-01-06 11:12:00, Now: 2026-01-06 11:10:32.081173
[2026-01-06 11:10:32.082173] Waiting for 2026-01-06 11:12:00...
[2026-01-06 11:12:00.020909] Target reached. Waiting 3.90s jitter to distribute load...
[2026-01-06 11:12:00.032106] Target reached. Waiting 4.08s jitter to distribute load...
[2026-01-06 11:12:00.043010] Target reached. Waiting 3.41s jitter to distribute load...
[2026-01-06 11:12:00.065621] Target reached. Waiting 3.04s jitter to distribute load...
[2026-01-06 11:12:00.078028] Target reached. Waiting 2.79s jitter to distribute load...
[2026-01-06 11:12:00.099014] Target reached. Waiting 1.93s jitter to distribute load...
[2026-01-06 11:12:02.024706] Triggering Order for 443060...
[2026-01-06 11:12:02.431368] Order function called.
[2026-01-06 11:12:02.873292] Triggering Order for 340440...
[2026-01-06 11:12:03.106267] Triggering Order for 311690...
[2026-01-06 11:12:03.287481] Order function called.
[2026-01-06 11:12:03.449693] Triggering Order for 012210...
[2026-01-06 11:12:03.539767] Order function called.
[2026-01-06 11:12:03.916456] Triggering Order for 0013V0...
[2026-01-06 11:12:04.110593] Triggering Order for 009150...
[2026-01-06 11:12:04.371448] Order function called.
[2026-01-06 11:12:04.556452] Order function called.
[2026-01-06 11:12:05.223861] Order function called.
[2026-01-06 11:15:34.256316] Process started.
[2026-01-06 11:15:34.256817] New Schedule: BUY 490470 x 5 @ 0, Time: 11:18
[2026-01-06 11:15:34.256817] Started. Target: 2026-01-06 11:18:00, Now: 2026-01-06 11:15:34.256817
[2026-01-06 11:15:34.257470] Waiting for 2026-01-06 11:18:00...
[2026-01-06 11:15:45.785471] Process started.
[2026-01-06 11:15:45.785471] New Schedule: BUY 950250 x 5 @ 0, Time: 11:18
[2026-01-06 11:15:45.786473] Started. Target: 2026-01-06 11:18:00, Now: 2026-01-06 11:15:45.785471
[2026-01-06 11:15:45.786473] Waiting for 2026-01-06 11:18:00...
[2026-01-06 11:15:55.897400] Process started.
[2026-01-06 11:15:55.898791] New Schedule: BUY 101970 x 5 @ 0, Time: 11:18
[2026-01-06 11:15:55.898791] Started. Target: 2026-01-06 11:18:00, Now: 2026-01-06 11:15:55.898791
[2026-01-06 11:15:55.899354] Waiting for 2026-01-06 11:18:00...
[2026-01-06 11:16:02.801777] Process started.
[2026-01-06 11:16:02.802278] New Schedule: BUY 036220 x 5 @ 0, Time: 11:18
[2026-01-06 11:16:02.802784] Started. Target: 2026-01-06 11:18:00, Now: 2026-01-06 11:16:02.802278
[2026-01-06 11:16:02.802784] Waiting for 2026-01-06 11:18:00...
[2026-01-06 11:18:00.294431] Target reached. Waiting 1.73s jitter to distribute load...
[2026-01-06 11:18:00.820957] Target reached. Waiting 2.91s jitter to distribute load...
[2026-01-06 11:18:00.829083] Target reached. Waiting 3.03s jitter to distribute load...
[2026-01-06 11:18:00.930627] Target reached. Waiting 2.94s jitter to distribute load...
[2026-01-06 11:18:02.028639] Triggering Order for 490470...
[2026-01-06 11:18:02.471791] Order function called.
[2026-01-06 11:18:02.483904] History updated for 490470
[2026-01-06 11:18:03.729829] Triggering Order for 950250...
[2026-01-06 11:18:03.855316] Triggering Order for 036220...
[2026-01-06 11:18:03.869845] Triggering Order for 101970...
[2026-01-06 11:18:04.219387] Order function called.
[2026-01-06 11:18:04.231720] History updated for 950250
[2026-01-06 11:18:04.394872] Order function called.
[2026-01-06 11:18:04.404983] History updated for 036220
[2026-01-06 11:18:05.869501] Order function called.
[2026-01-06 11:18:05.882044] History updated for 101970
[2026-01-06 11:23:58.384891] Process started.
[2026-01-06 11:23:58.385906] New Schedule: SELL 036220 x 5 @ 0, Time: 15:25
[2026-01-06 11:23:58.385906] Started. Target: 2026-01-06 15:25:00, Now: 2026-01-06 11:23:58.385906
[2026-01-06 11:23:58.386405] Waiting for 2026-01-06 15:25:00...
[2026-01-06 11:23:58.398168] Process started.
[2026-01-06 11:23:58.398676] New Schedule: SELL 101970 x 5 @ 0, Time: 15:25
[2026-01-06 11:23:58.398676] Started. Target: 2026-01-06 15:25:00, Now: 2026-01-06 11:23:58.398676
[2026-01-06 11:23:58.399183] Waiting for 2026-01-06 15:25:00...
[2026-01-06 11:23:58.411854] Process started.
[2026-01-06 11:23:58.412680] New Schedule: SELL 490470 x 5 @ 0, Time: 15:25
[2026-01-06 11:23:58.412680] Started. Target: 2026-01-06 15:25:00, Now: 2026-01-06 11:23:58.412680
[2026-01-06 11:23:58.412680] Waiting for 2026-01-06 15:25:00...
[2026-01-06 11:23:58.427032] Process started.
[2026-01-06 11:23:58.428035] New Schedule: SELL 950250 x 5 @ 0, Time: 15:25
[2026-01-06 11:23:58.428035] Started. Target: 2026-01-06 15:25:00, Now: 2026-01-06 11:23:58.428035
[2026-01-06 11:23:58.428580] Waiting for 2026-01-06 15:25:00...
[2026-01-06 11:24:14.708310] Process started.
[2026-01-06 11:24:14.708810] New Schedule: SELL 036220 x 5 @ 0, Time: 11:25
[2026-01-06 11:24:14.709310] Started. Target: 2026-01-06 11:25:00, Now: 2026-01-06 11:24:14.708810
[2026-01-06 11:24:14.709310] Waiting for 2026-01-06 11:25:00...
[2026-01-06 11:24:14.863893] Process started.
[2026-01-06 11:24:14.864396] New Schedule: SELL 101970 x 5 @ 0, Time: 11:25
[2026-01-06 11:24:14.864899] Started. Target: 2026-01-06 11:25:00, Now: 2026-01-06 11:24:14.864396
[2026-01-06 11:24:14.864899] Waiting for 2026-01-06 11:25:00...
[2026-01-06 11:24:14.887263] Process started.
[2026-01-06 11:24:14.887263] New Schedule: SELL 490470 x 5 @ 0, Time: 11:25
[2026-01-06 11:24:14.887931] Started. Target: 2026-01-06 11:25:00, Now: 2026-01-06 11:24:14.887263
[2026-01-06 11:24:14.887931] Waiting for 2026-01-06 11:25:00...
[2026-01-06 11:24:14.900653] Process started.
[2026-01-06 11:24:14.901258] New Schedule: SELL 950250 x 5 @ 0, Time: 11:25
[2026-01-06 11:24:14.901258] Started. Target: 2026-01-06 11:25:00, Now: 2026-01-06 11:24:14.901258
[2026-01-06 11:24:14.901764] Waiting for 2026-01-06 11:25:00...
[2026-01-06 11:24:27.875769] Process started.
[2026-01-06 11:24:27.876773] New Schedule: SELL 036220 x 5 @ 0, Time: 11:25
[2026-01-06 11:24:27.877335] Started. Target: 2026-01-06 11:25:00, Now: 2026-01-06 11:24:27.876773
[2026-01-06 11:24:27.877335] Waiting for 2026-01-06 11:25:00...
[2026-01-06 11:24:28.045450] Process started.
[2026-01-06 11:24:28.045950] New Schedule: SELL 101970 x 5 @ 0, Time: 11:25
[2026-01-06 11:24:28.046449] Started. Target: 2026-01-06 11:25:00, Now: 2026-01-06 11:24:28.046449
[2026-01-06 11:24:28.046950] Waiting for 2026-01-06 11:25:00...
[2026-01-06 11:24:28.061235] Process started.
[2026-01-06 11:24:28.062238] New Schedule: SELL 490470 x 5 @ 0, Time: 11:25
[2026-01-06 11:24:28.062744] Started. Target: 2026-01-06 11:25:00, Now: 2026-01-06 11:24:28.062238
[2026-01-06 11:24:28.062744] Waiting for 2026-01-06 11:25:00...
[2026-01-06 11:24:28.072312] Process started.
[2026-01-06 11:24:28.072820] New Schedule: SELL 950250 x 5 @ 0, Time: 11:25
[2026-01-06 11:24:28.073321] Started. Target: 2026-01-06 11:25:00, Now: 2026-01-06 11:24:28.072820
[2026-01-06 11:24:28.073321] Waiting for 2026-01-06 11:25:00...
[2026-01-06 11:25:00.056414] Target reached. Waiting 3.46s jitter to distribute load...
[2026-01-06 11:25:00.070219] Target reached. Waiting 3.22s jitter to distribute load...
[2026-01-06 11:25:00.081173] Target reached. Waiting 3.52s jitter to distribute load...
[2026-01-06 11:25:00.722228] Target reached. Waiting 0.90s jitter to distribute load...
[2026-01-06 11:25:00.878989] Target reached. Waiting 4.99s jitter to distribute load...
[2026-01-06 11:25:00.887939] Target reached. Waiting 2.09s jitter to distribute load...
[2026-01-06 11:25:00.901786] Target reached. Waiting 1.72s jitter to distribute load...
[2026-01-06 11:25:00.911677] Target reached. Waiting 3.92s jitter to distribute load...
[2026-01-06 11:25:01.622111] Triggering Order for 036220...
[2026-01-06 11:25:02.041313] Order function called.
[2026-01-06 11:25:02.622670] Triggering Order for 490470...
[2026-01-06 11:25:02.982940] Triggering Order for 036220...
[2026-01-06 11:25:03.002444] Order function called.
[2026-01-06 11:25:03.286035] Triggering Order for 490470...
[2026-01-06 11:25:03.512491] Triggering Order for 101970...
[2026-01-06 11:25:03.603459] Triggering Order for 950250...
[2026-01-06 11:25:04.826975] Triggering Order for 950250...
[2026-01-06 11:25:05.278395] Order function called.
[2026-01-06 11:25:05.453950] Order function called.
[2026-01-06 11:25:05.874297] Triggering Order for 101970...
[2026-01-06 11:25:06.113838] Order failed: HTTP Error 500: {"rt_cd":"1","msg_cd":"EGW00201","msg1":"초당 거래건수를 초과하였습니다."}
[2026-01-06 11:25:06.469270] Order failed: API Error: 모의투자 잔고내역이 없습니다. (Code: 40240000)
[2026-01-06 11:25:06.763740] Order failed: HTTP Error 500: {"rt_cd":"1","msg_cd":"EGW00201","msg1":"초당 거래건수를 초과하였습니다."}
[2026-01-06 11:25:09.005170] Order failed: API Error: 모의투자 잔고내역이 없습니다. (Code: 40240000)
[2026-01-06 11:29:07.808818] Process started.
[2026-01-06 11:29:07.809318] New Schedule: SELL 036220 x 3 @ 0, Time: 11:31
[2026-01-06 11:29:07.809318] Started. Target: 2026-01-06 11:31:00, Now: 2026-01-06 11:29:07.809318
[2026-01-06 11:29:07.809820] Waiting for 2026-01-06 11:31:00...
[2026-01-06 11:29:07.982951] Process started.
[2026-01-06 11:29:07.983950] New Schedule: SELL 101970 x 4 @ 0, Time: 11:31
[2026-01-06 11:29:07.984451] Started. Target: 2026-01-06 11:31:00, Now: 2026-01-06 11:29:07.983950
[2026-01-06 11:29:07.984451] Waiting for 2026-01-06 11:31:00...
[2026-01-06 11:31:00.015969] Target reached. Waiting 3.43s jitter to distribute load...
[2026-01-06 11:31:00.835487] Target reached. Waiting 3.63s jitter to distribute load...
[2026-01-06 11:31:03.446713] Triggering Order for 101970...
[2026-01-06 11:31:04.465133] Triggering Order for 036220...
[2026-01-06 11:31:06.585418] Order failed: API Error: 모의투자 잔고내역이 없습니다. (Code: 40240000)
[2026-01-06 11:31:07.575960] Order failed: API Error: 모의투자 잔고내역이 없습니다. (Code: 40240000)
[2026-01-06 11:34:49.372300] Process started.
[2026-01-06 11:34:49.372804] New Schedule: BUY 012210 x 1 @ 0, Time: 11:38
[2026-01-06 11:34:49.372804] Started. Target: 2026-01-06 11:38:00, Now: 2026-01-06 11:34:49.372804
[2026-01-06 11:34:49.373307] Waiting for 2026-01-06 11:38:00...
[2026-01-06 11:34:58.581302] Process started.
[2026-01-06 11:34:58.581983] New Schedule: BUY 490470 x 1 @ 0, Time: 11:38
[2026-01-06 11:34:58.581983] Started. Target: 2026-01-06 11:38:00, Now: 2026-01-06 11:34:58.581983
[2026-01-06 11:34:58.582485] Waiting for 2026-01-06 11:38:00...
[2026-01-06 11:35:04.148545] Process started.
[2026-01-06 11:35:04.149415] New Schedule: BUY 403850 x 1 @ 0, Time: 11:38
[2026-01-06 11:35:04.149915] Started. Target: 2026-01-06 11:38:00, Now: 2026-01-06 11:35:04.149415
[2026-01-06 11:35:04.149915] Waiting for 2026-01-06 11:38:00...
[2026-01-06 11:35:12.152816] Process started.
[2026-01-06 11:35:12.153320] New Schedule: BUY 455180 x 1 @ 0, Time: 11:38
[2026-01-06 11:35:12.153320] Started. Target: 2026-01-06 11:38:00, Now: 2026-01-06 11:35:12.153320
[2026-01-06 11:35:12.153824] Waiting for 2026-01-06 11:38:00...
[2026-01-06 11:35:18.987932] Process started.
[2026-01-06 11:35:18.987932] New Schedule: BUY 412540 x 1 @ 0, Time: 11:38
[2026-01-06 11:35:18.987932] Started. Target: 2026-01-06 11:38:00, Now: 2026-01-06 11:35:18.987932
[2026-01-06 11:35:18.988935] Waiting for 2026-01-06 11:38:00...
[2026-01-06 11:38:00.030134] Target reached. Waiting 3.25s jitter to distribute load...
[2026-01-06 11:38:00.200772] Target reached. Waiting 0.74s jitter to distribute load...
[2026-01-06 11:38:00.200772] Target reached. Waiting 1.91s jitter to distribute load...
[2026-01-06 11:38:00.423564] Target reached. Waiting 2.31s jitter to distribute load...
[2026-01-06 11:38:00.630633] Target reached. Waiting 1.47s jitter to distribute load...
[2026-01-06 11:38:00.945156] Triggering Order for 403850...
[2026-01-06 11:38:01.445654] Order function called.
[2026-01-06 11:38:01.461246] History updated for 403850
[2026-01-06 11:38:02.099570] Triggering Order for 490470...
[2026-01-06 11:38:02.113234] Triggering Order for 455180...
[2026-01-06 11:38:02.622420] Order function called.
[2026-01-06 11:38:02.634185] History updated for 490470
[2026-01-06 11:38:02.650789] Order function called.
[2026-01-06 11:38:02.662653] History updated for 455180
[2026-01-06 11:38:02.730033] Triggering Order for 012210...
[2026-01-06 11:38:03.149958] Order function called.
[2026-01-06 11:38:03.162007] History updated for 012210
[2026-01-06 11:38:03.277602] Triggering Order for 412540...
[2026-01-06 11:38:03.673460] Order function called.
[2026-01-06 11:38:03.684684] History updated for 412540
[2026-01-06 11:39:45.724521] Process started.
[2026-01-06 11:39:45.725033] New Schedule: BUY 355690 x 1 @ 0, Time: 11:40
[2026-01-06 11:39:45.725033] Started. Target: 2026-01-06 11:40:00, Now: 2026-01-06 11:39:45.725033
[2026-01-06 11:39:45.725536] Waiting for 2026-01-06 11:40:00...
[2026-01-06 11:39:51.291262] Process started.
[2026-01-06 11:39:51.292272] New Schedule: BUY 446440 x 1 @ 0, Time: 11:40
[2026-01-06 11:39:51.292272] Started. Target: 2026-01-06 11:40:00, Now: 2026-01-06 11:39:51.292272
[2026-01-06 11:39:51.292272] Waiting for 2026-01-06 11:40:00...
[2026-01-06 11:39:56.540015] Process started.
[2026-01-06 11:39:56.540015] New Schedule: BUY 405920 x 1 @ 0, Time: 11:40
[2026-01-06 11:39:56.540015] Started. Target: 2026-01-06 11:40:00, Now: 2026-01-06 11:39:56.540015
[2026-01-06 11:39:56.540015] Waiting for 2026-01-06 11:40:00...
[2026-01-06 11:40:00.295643] Target reached. Waiting 0.63s jitter to distribute load...
[2026-01-06 11:40:00.541814] Target reached. Waiting 4.67s jitter to distribute load...
[2026-01-06 11:40:00.729221] Target reached. Waiting 2.43s jitter to distribute load...
[2026-01-06 11:40:00.931369] Triggering Order for 446440...
[2026-01-06 11:40:03.164444] Triggering Order for 355690...
[2026-01-06 11:40:03.552156] Order function called.
[2026-01-06 11:40:03.564432] History updated for 355690
[2026-01-06 11:40:05.214870] Triggering Order for 405920...
[2026-01-06 11:40:05.713467] Order function called.
[2026-01-06 11:40:05.726628] History updated for 405920
[2026-01-06 11:40:07.019907] Order failed: API Error: 모의투자 주문처리가 안되었습니다(매매불가 종목) (Code: 40070000)
[2026-01-06 11:40:26.438231] Process started.
[2026-01-06 11:40:26.438231] New Schedule: BUY 198940 x 1 @ 0, Time: 11:45
[2026-01-06 11:40:26.439235] Started. Target: 2026-01-06 11:45:00, Now: 2026-01-06 11:40:26.439235
[2026-01-06 11:40:26.439235] Waiting for 2026-01-06 11:45:00...
[2026-01-06 11:40:30.863886] Process started.
[2026-01-06 11:40:30.864889] New Schedule: BUY 434190 x 1 @ 0, Time: 11:45
[2026-01-06 11:40:30.864889] Started. Target: 2026-01-06 11:45:00, Now: 2026-01-06 11:40:30.864889
[2026-01-06 11:40:30.865466] Waiting for 2026-01-06 11:45:00...
[2026-01-06 11:40:35.305039] Process started.
[2026-01-06 11:40:35.305540] New Schedule: BUY 291810 x 1 @ 0, Time: 11:45
[2026-01-06 11:40:35.306544] Started. Target: 2026-01-06 11:45:00, Now: 2026-01-06 11:40:35.305540
[2026-01-06 11:40:35.307541] Waiting for 2026-01-06 11:45:00...
[2026-01-06 11:40:42.849956] Process started.
[2026-01-06 11:40:42.850460] New Schedule: BUY 403550 x 1 @ 0, Time: 11:45
[2026-01-06 11:40:42.850460] Started. Target: 2026-01-06 11:45:00, Now: 2026-01-06 11:40:42.850460
[2026-01-06 11:40:42.850965] Waiting for 2026-01-06 11:45:00...
[2026-01-06 11:40:47.103274] Process started.
[2026-01-06 11:40:47.103812] New Schedule: BUY 107600 x 1 @ 0, Time: 11:45
[2026-01-06 11:40:47.103812] Started. Target: 2026-01-06 11:45:00, Now: 2026-01-06 11:40:47.103812
[2026-01-06 11:40:47.104462] Waiting for 2026-01-06 11:45:00...
[2026-01-06 11:40:51.518512] Process started.
[2026-01-06 11:40:51.518512] New Schedule: BUY 126720 x 1 @ 0, Time: 11:45
[2026-01-06 11:40:51.519515] Started. Target: 2026-01-06 11:45:00, Now: 2026-01-06 11:40:51.519515
[2026-01-06 11:40:51.519515] Waiting for 2026-01-06 11:45:00...
[2026-01-06 11:40:56.192381] Process started.
[2026-01-06 11:40:56.192883] New Schedule: BUY 402030 x 1 @ 0, Time: 11:45
[2026-01-06 11:40:56.192883] Started. Target: 2026-01-06 11:45:00, Now: 2026-01-06 11:40:56.192883
[2026-01-06 11:40:56.193610] Waiting for 2026-01-06 11:45:00...
[2026-01-06 11:41:00.238054] Process started.
[2026-01-06 11:41:00.238567] New Schedule: BUY 396270 x 1 @ 0, Time: 11:45
[2026-01-06 11:41:00.238567] Started. Target: 2026-01-06 11:45:00, Now: 2026-01-06 11:41:00.238567
[2026-01-06 11:41:00.239067] Waiting for 2026-01-06 11:45:00...
[2026-01-06 11:45:00.170949] Target reached. Waiting 2.70s jitter to distribute load...
[2026-01-06 11:45:00.261491] Target reached. Waiting 2.32s jitter to distribute load...
[2026-01-06 11:45:00.305009] Target reached. Waiting 1.95s jitter to distribute load...
[2026-01-06 11:45:00.384429] Target reached. Waiting 4.23s jitter to distribute load...
[2026-01-06 11:45:00.589968] Target reached. Waiting 4.42s jitter to distribute load...
[2026-01-06 11:45:00.919112] Target reached. Waiting 3.65s jitter to distribute load...
[2026-01-06 11:45:00.942093] Target reached. Waiting 4.52s jitter to distribute load...
[2026-01-06 11:45:02.259638] Triggering Order for 396270...
[2026-01-06 11:45:02.582408] Triggering Order for 402030...
[2026-01-06 11:45:02.674235] Order function called.
[2026-01-06 11:45:02.675235] History updated for 396270
[2026-01-06 11:45:02.869003] Triggering Order for 107600...
[2026-01-06 11:45:03.021985] Order function called.
[2026-01-06 11:45:03.038055] History updated for 402030
[2026-01-06 11:45:03.309900] Order function called.
[2026-01-06 11:45:03.321529] History updated for 107600
[2026-01-06 11:45:04.568781] Triggering Order for 403550...
[2026-01-06 11:45:04.613926] Triggering Order for 291810...
[2026-01-06 11:45:05.010970] Triggering Order for 126720...
[2026-01-06 11:45:05.091595] Order function called.
[2026-01-06 11:45:05.106186] History updated for 403550
[2026-01-06 11:45:05.126661] Order function called.
[2026-01-06 11:45:05.138727] History updated for 291810
[2026-01-06 11:45:05.458327] Triggering Order for 434190...
[2026-01-06 11:45:07.402789] Order function called.
[2026-01-06 11:45:07.416812] History updated for 126720
[2026-01-06 11:45:11.975269] Order failed: API Error: 모의투자 주문처리가 안되었습니다(매매불가 종목) (Code: 40070000)
[2026-01-06 11:51:10.948873] Process started.
[2026-01-06 11:51:10.949435] New Schedule: BUY 389260 x 10 @ 0, Time: 11:52
[2026-01-06 11:51:10.949435] Started. Target: 2026-01-06 11:52:00, Now: 2026-01-06 11:51:10.949435
[2026-01-06 11:51:10.949435] Waiting for 2026-01-06 11:52:00...
[2026-01-06 11:52:00.962837] Target reached. Waiting 2.88s jitter to distribute load...
[2026-01-06 11:52:03.844261] Triggering Order for 389260...
[2026-01-06 11:52:04.252445] Order function called.
[2026-01-06 11:52:04.267019] History updated for 389260
[2026-01-06 11:53:37.903107] Process started.
[2026-01-06 11:53:37.903107] New Schedule: BUY 0013V0 x 10 @ 0, Time: 11:55
[2026-01-06 11:53:37.903107] Started. Target: 2026-01-06 11:55:00, Now: 2026-01-06 11:53:37.903107
[2026-01-06 11:53:37.904109] Waiting for 2026-01-06 11:55:00...
[2026-01-06 11:55:00.927839] Target reached. Waiting 3.84s jitter to distribute load...
[2026-01-06 11:55:04.771352] Triggering Order for 0013V0...
[2026-01-06 11:55:05.187032] Order function called.
[2026-01-06 11:55:05.200126] History updated for 0013V0
[2026-01-06 12:05:15.494094] Process started.
[2026-01-06 12:05:15.494094] New Schedule: BUY 006800 x 1 @ 0, Time: 12:7
[2026-01-06 12:05:15.495097] Started. Target: 2026-01-06 12:07:00, Now: 2026-01-06 12:05:15.494094
[2026-01-06 12:05:15.495097] Waiting for 2026-01-06 12:07:00...
[2026-01-06 12:05:27.648064] Process started.
[2026-01-06 12:05:27.648064] New Schedule: BUY 138360 x 10 @ 0, Time: 12:7
[2026-01-06 12:05:27.649076] Started. Target: 2026-01-06 12:07:00, Now: 2026-01-06 12:05:27.648064
[2026-01-06 12:05:27.649076] Waiting for 2026-01-06 12:07:00...
[2026-01-06 12:05:37.807268] Process started.
[2026-01-06 12:05:37.807268] New Schedule: BUY 204320 x 10 @ 0, Time: 12:7
[2026-01-06 12:05:37.808271] Started. Target: 2026-01-06 12:07:00, Now: 2026-01-06 12:05:37.808271
[2026-01-06 12:05:37.808271] Waiting for 2026-01-06 12:07:00...
[2026-01-06 12:07:00.526601] Target reached. Waiting 4.95s jitter to distribute load...
[2026-01-06 12:07:00.677405] Target reached. Waiting 1.59s jitter to distribute load...
[2026-01-06 12:07:00.830226] Target reached. Waiting 4.19s jitter to distribute load...
[2026-01-06 12:07:02.271196] Triggering Order for 138360...
[2026-01-06 12:07:02.654377] Order function called.
[2026-01-06 12:07:02.673850] History updated for 138360
[2026-01-06 12:07:05.021153] Triggering Order for 204320...
[2026-01-06 12:07:05.426348] Order function called.
[2026-01-06 12:07:05.439068] History updated for 204320
[2026-01-06 12:07:05.478956] Triggering Order for 006800...
[2026-01-06 12:07:05.887618] Order function called.
[2026-01-06 12:07:05.899149] History updated for 006800
[2026-01-06 12:10:51.529387] Process started.
[2026-01-06 12:10:51.530391] New Schedule: SELL 0013V0 x 10 @ 0, Time: 12:12
[2026-01-06 12:10:51.530865] Started. Target: 2026-01-06 12:12:00, Now: 2026-01-06 12:10:51.530865
[2026-01-06 12:10:51.530865] Waiting for 2026-01-06 12:12:00...
[2026-01-06 12:10:51.783315] Process started.
[2026-01-06 12:10:51.783815] New Schedule: SELL 006800 x 1 @ 0, Time: 12:12
[2026-01-06 12:10:51.784817] Started. Target: 2026-01-06 12:12:00, Now: 2026-01-06 12:10:51.784316
[2026-01-06 12:10:51.785818] Waiting for 2026-01-06 12:12:00...
[2026-01-06 12:10:51.801654] Process started.
[2026-01-06 12:10:51.802155] New Schedule: SELL 012210 x 1 @ 0, Time: 12:12
[2026-01-06 12:10:51.802654] Started. Target: 2026-01-06 12:12:00, Now: 2026-01-06 12:10:51.802155
[2026-01-06 12:10:51.803154] Waiting for 2026-01-06 12:12:00...
[2026-01-06 12:10:51.828128] Process started.
[2026-01-06 12:10:51.828628] New Schedule: SELL 034020 x 1 @ 0, Time: 12:12
[2026-01-06 12:10:51.829128] Started. Target: 2026-01-06 12:12:00, Now: 2026-01-06 12:10:51.829128
[2026-01-06 12:10:51.829630] Waiting for 2026-01-06 12:12:00...
[2026-01-06 12:10:51.865730] Process started.
[2026-01-06 12:10:51.866734] New Schedule: SELL 107600 x 1 @ 0, Time: 12:12
[2026-01-06 12:10:51.868261] Started. Target: 2026-01-06 12:12:00, Now: 2026-01-06 12:10:51.866734
[2026-01-06 12:10:51.869262] Waiting for 2026-01-06 12:12:00...
[2026-01-06 12:10:51.898143] Process started.
[2026-01-06 12:10:51.898764] New Schedule: SELL 126720 x 1 @ 0, Time: 12:12
[2026-01-06 12:10:51.898764] Started. Target: 2026-01-06 12:12:00, Now: 2026-01-06 12:10:51.898764
[2026-01-06 12:10:51.899768] Waiting for 2026-01-06 12:12:00...
[2026-01-06 12:10:51.931408] Process started.
[2026-01-06 12:10:51.932408] New Schedule: SELL 138360 x 10 @ 0, Time: 12:12
[2026-01-06 12:10:51.932408] Started. Target: 2026-01-06 12:12:00, Now: 2026-01-06 12:10:51.932408
[2026-01-06 12:10:51.933411] Waiting for 2026-01-06 12:12:00...
[2026-01-06 12:10:51.951652] Process started.
[2026-01-06 12:10:51.951652] New Schedule: SELL 204320 x 10 @ 0, Time: 12:12
[2026-01-06 12:10:51.952152] Started. Target: 2026-01-06 12:12:00, Now: 2026-01-06 12:10:51.952152
[2026-01-06 12:10:51.952152] Waiting for 2026-01-06 12:12:00...
[2026-01-06 12:10:51.969894] Process started.
[2026-01-06 12:10:51.970765] New Schedule: SELL 291810 x 1 @ 0, Time: 12:12
[2026-01-06 12:10:51.971265] Started. Target: 2026-01-06 12:12:00, Now: 2026-01-06 12:10:51.970765
[2026-01-06 12:10:51.971265] Waiting for 2026-01-06 12:12:00...
[2026-01-06 12:10:51.995570] Process started.
[2026-01-06 12:10:51.996072] New Schedule: SELL 355690 x 1 @ 0, Time: 12:12
[2026-01-06 12:10:51.996570] Started. Target: 2026-01-06 12:12:00, Now: 2026-01-06 12:10:51.996570
[2026-01-06 12:10:51.997070] Waiting for 2026-01-06 12:12:00...
[2026-01-06 12:10:52.015137] Process started.
[2026-01-06 12:10:52.016138] New Schedule: SELL 389260 x 10 @ 0, Time: 12:12
[2026-01-06 12:10:52.016138] Started. Target: 2026-01-06 12:12:00, Now: 2026-01-06 12:10:52.016138
[2026-01-06 12:10:52.016637] Waiting for 2026-01-06 12:12:00...
[2026-01-06 12:10:52.040805] Process started.
[2026-01-06 12:10:52.041307] New Schedule: SELL 396270 x 1 @ 0, Time: 12:12
[2026-01-06 12:10:52.042423] Started. Target: 2026-01-06 12:12:00, Now: 2026-01-06 12:10:52.041307
[2026-01-06 12:10:52.042423] Waiting for 2026-01-06 12:12:00...
[2026-01-06 12:10:52.060299] Process started.
[2026-01-06 12:10:52.061503] New Schedule: SELL 402030 x 1 @ 0, Time: 12:12
[2026-01-06 12:10:52.062052] Started. Target: 2026-01-06 12:12:00, Now: 2026-01-06 12:10:52.061503
[2026-01-06 12:10:52.062052] Waiting for 2026-01-06 12:12:00...
[2026-01-06 12:10:52.069111] Process started.
[2026-01-06 12:10:52.069615] New Schedule: SELL 403550 x 1 @ 0, Time: 12:12
[2026-01-06 12:10:52.070118] Started. Target: 2026-01-06 12:12:00, Now: 2026-01-06 12:10:52.069615
[2026-01-06 12:10:52.070118] Waiting for 2026-01-06 12:12:00...
[2026-01-06 12:10:52.086101] Process started.
[2026-01-06 12:10:52.086101] New Schedule: SELL 403850 x 1 @ 0, Time: 12:12
[2026-01-06 12:10:52.086606] Started. Target: 2026-01-06 12:12:00, Now: 2026-01-06 12:10:52.086606
[2026-01-06 12:10:52.086606] Waiting for 2026-01-06 12:12:00...
[2026-01-06 12:10:52.097874] Process started.
[2026-01-06 12:10:52.097874] New Schedule: SELL 405920 x 1 @ 0, Time: 12:12
[2026-01-06 12:10:52.098457] Started. Target: 2026-01-06 12:12:00, Now: 2026-01-06 12:10:52.098457
[2026-01-06 12:10:52.098457] Waiting for 2026-01-06 12:12:00...
[2026-01-06 12:10:52.115259] Process started.
[2026-01-06 12:10:52.115259] New Schedule: SELL 455180 x 1 @ 0, Time: 12:12
[2026-01-06 12:10:52.116261] Started. Target: 2026-01-06 12:12:00, Now: 2026-01-06 12:10:52.115259
[2026-01-06 12:10:52.116261] Waiting for 2026-01-06 12:12:00...
[2026-01-06 12:10:52.132431] Process started.
[2026-01-06 12:10:52.132431] New Schedule: SELL 490470 x 1 @ 0, Time: 12:12
[2026-01-06 12:10:52.133433] Started. Target: 2026-01-06 12:12:00, Now: 2026-01-06 12:10:52.132431
[2026-01-06 12:10:52.133433] Waiting for 2026-01-06 12:12:00...
[2026-01-06 12:12:00.017559] Target reached. Waiting 4.69s jitter to distribute load...
[2026-01-06 12:12:00.037869] Target reached. Waiting 1.92s jitter to distribute load...
[2026-01-06 12:12:00.061360] Target reached. Waiting 2.04s jitter to distribute load...
[2026-01-06 12:12:00.083827] Target reached. Waiting 3.23s jitter to distribute load...
[2026-01-06 12:12:00.092258] Target reached. Waiting 1.85s jitter to distribute load...
[2026-01-06 12:12:00.105356] Target reached. Waiting 0.59s jitter to distribute load...
[2026-01-06 12:12:00.117323] Target reached. Waiting 2.30s jitter to distribute load...
[2026-01-06 12:12:00.142194] Target reached. Waiting 3.02s jitter to distribute load...
[2026-01-06 12:12:00.149352] Target reached. Waiting 2.78s jitter to distribute load...
[2026-01-06 12:12:00.549265] Target reached. Waiting 2.92s jitter to distribute load...
[2026-01-06 12:12:00.696579] Triggering Order for 403850...
[2026-01-06 12:12:00.804253] Target reached. Waiting 3.02s jitter to distribute load...
[2026-01-06 12:12:00.820267] Target reached. Waiting 2.13s jitter to distribute load...
[2026-01-06 12:12:00.851717] Target reached. Waiting 2.06s jitter to distribute load...
[2026-01-06 12:12:00.887258] Target reached. Waiting 3.90s jitter to distribute load...
[2026-01-06 12:12:00.918660] Target reached. Waiting 1.35s jitter to distribute load...
[2026-01-06 12:12:00.952088] Target reached. Waiting 2.88s jitter to distribute load...
[2026-01-06 12:12:00.973038] Target reached. Waiting 1.52s jitter to distribute load...
[2026-01-06 12:12:00.991936] Target reached. Waiting 1.76s jitter to distribute load...
[2026-01-06 12:12:01.146745] Order function called.
[2026-01-06 12:12:01.942403] Triggering Order for 403550...
[2026-01-06 12:12:01.961491] Triggering Order for 389260...
[2026-01-06 12:12:02.101399] Triggering Order for 396270...
[2026-01-06 12:12:02.273216] Triggering Order for 126720...
[2026-01-06 12:12:02.420836] Triggering Order for 405920...
[2026-01-06 12:12:02.448030] Order function called.
[2026-01-06 12:12:02.491283] Triggering Order for 204320...
[2026-01-06 12:12:02.501390] Order function called.
[2026-01-06 12:12:02.756950] Triggering Order for 291810...
[2026-01-06 12:12:02.909659] Triggering Order for 034020...
[2026-01-06 12:12:02.930223] Triggering Order for 490470...
[2026-01-06 12:12:02.954767] Triggering Order for 012210...
[2026-01-06 12:12:03.167475] Triggering Order for 455180...
[2026-01-06 12:12:03.286574] Order function called.
[2026-01-06 12:12:03.314505] Triggering Order for 402030...
[2026-01-06 12:12:03.469149] Triggering Order for 0013V0...
[2026-01-06 12:12:03.512908] Order function called.
[2026-01-06 12:12:03.535518] Order function called.
[2026-01-06 12:12:03.829386] Triggering Order for 006800...
[2026-01-06 12:12:03.830395] Triggering Order for 138360...
[2026-01-06 12:12:04.385520] Order function called.
[2026-01-06 12:12:04.394293] Order function called.
[2026-01-06 12:12:04.710125] Triggering Order for 355690...
[2026-01-06 12:12:04.785633] Triggering Order for 107600...
[2026-01-06 12:12:05.078206] Order function called.
[2026-01-06 12:12:05.243768] Order function called.
[2026-01-06 12:12:06.951627] Order function called.
[2026-01-06 12:12:07.280738] Order function called.
[2026-01-06 12:12:07.297287] Order function called.
[2026-01-06 12:12:08.257423] Order function called.
[2026-01-06 12:12:08.453431] Order function called.
[2026-01-06 12:12:10.402972] Order function called.
[2026-01-06 12:12:10.979113] Order function called.
[2026-01-06 12:12:11.432812] Order function called.
[2026-01-06 12:27:22.324694] Process started.
[2026-01-06 12:27:22.325738] New Schedule: BUY 388210 x 1 @ 0, Time: 12:29
[2026-01-06 12:27:22.325738] Started. Target: 2026-01-06 12:29:00, Now: 2026-01-06 12:27:22.325738
[2026-01-06 12:27:22.325738] Waiting for 2026-01-06 12:29:00...
[2026-01-06 12:27:29.243738] Process started.
[2026-01-06 12:27:29.244741] New Schedule: BUY 317450 x 1 @ 0, Time: 12:29
[2026-01-06 12:27:29.244741] Started. Target: 2026-01-06 12:29:00, Now: 2026-01-06 12:27:29.244741
[2026-01-06 12:27:29.245300] Waiting for 2026-01-06 12:29:00...
[2026-01-06 12:27:38.894575] Process started.
[2026-01-06 12:27:38.895120] New Schedule: BUY 484590 x 1 @ 0, Time: 12:29
[2026-01-06 12:27:38.895120] Started. Target: 2026-01-06 12:29:00, Now: 2026-01-06 12:27:38.895120
[2026-01-06 12:27:38.895710] Waiting for 2026-01-06 12:29:00...
[2026-01-06 12:27:45.470316] Process started.
[2026-01-06 12:27:45.471320] New Schedule: BUY 380550 x 1 @ 0, Time: 12:29
[2026-01-06 12:27:45.471917] Started. Target: 2026-01-06 12:29:00, Now: 2026-01-06 12:27:45.471320
[2026-01-06 12:27:45.471917] Waiting for 2026-01-06 12:29:00...
[2026-01-06 12:27:58.686798] Process started.
[2026-01-06 12:27:58.687298] New Schedule: BUY 463020 x 1 @ 0, Time: 12:29
[2026-01-06 12:27:58.687298] Started. Target: 2026-01-06 12:29:00, Now: 2026-01-06 12:27:58.687298
[2026-01-06 12:27:58.687798] Waiting for 2026-01-06 12:29:00...
[2026-01-06 12:28:09.408899] Process started.
[2026-01-06 12:28:09.408899] New Schedule: BUY 081180 x 1 @ 0, Time: 12:29
[2026-01-06 12:28:09.409403] Started. Target: 2026-01-06 12:29:00, Now: 2026-01-06 12:28:09.408899
[2026-01-06 12:28:09.409403] Waiting for 2026-01-06 12:29:00...
[2026-01-06 12:29:00.272955] Target reached. Waiting 4.86s jitter to distribute load...
[2026-01-06 12:29:00.353858] Target reached. Waiting 4.94s jitter to distribute load...
[2026-01-06 12:29:00.425137] Target reached. Waiting 4.65s jitter to distribute load...
[2026-01-06 12:29:00.493505] Target reached. Waiting 3.88s jitter to distribute load...
[2026-01-06 12:29:00.706177] Target reached. Waiting 0.65s jitter to distribute load...
[2026-01-06 12:29:00.920646] Target reached. Waiting 2.56s jitter to distribute load...
[2026-01-06 12:29:01.359156] Triggering Order for 463020...
[2026-01-06 12:29:01.777811] Order function called.
[2026-01-06 12:29:01.791345] History updated for 463020
[2026-01-06 12:29:03.483211] Triggering Order for 484590...
[2026-01-06 12:29:03.869356] Order function called.
[2026-01-06 12:29:03.882963] History updated for 484590
[2026-01-06 12:29:04.372622] Triggering Order for 380550...
[2026-01-06 12:29:04.784103] Order function called.
[2026-01-06 12:29:04.799435] History updated for 380550
[2026-01-06 12:29:05.073306] Triggering Order for 081180...
[2026-01-06 12:29:05.133470] Triggering Order for 317450...
[2026-01-06 12:29:05.293898] Triggering Order for 388210...
[2026-01-06 12:29:05.594645] Order function called.
[2026-01-06 12:29:05.608194] History updated for 081180
[2026-01-06 12:29:05.736188] Order function called.
[2026-01-06 12:29:05.747708] History updated for 317450
[2026-01-06 12:29:07.592755] Order function called.
[2026-01-06 12:29:07.604817] History updated for 388210
[2026-01-06 12:29:41.756588] Process started.
[2026-01-06 12:29:41.757089] New Schedule: SELL 0013V0 x 50 @ 0, Time: 12:31
[2026-01-06 12:29:41.757589] Started. Target: 2026-01-06 12:31:00, Now: 2026-01-06 12:29:41.757089
[2026-01-06 12:29:41.757589] Waiting for 2026-01-06 12:31:00...
[2026-01-06 12:29:41.982363] Process started.
[2026-01-06 12:29:41.982363] New Schedule: SELL 0099W0 x 1 @ 0, Time: 12:31
[2026-01-06 12:29:41.982866] Started. Target: 2026-01-06 12:31:00, Now: 2026-01-06 12:29:41.982866
[2026-01-06 12:29:41.982866] Waiting for 2026-01-06 12:31:00...
[2026-01-06 12:29:42.008573] Process started.
[2026-01-06 12:29:42.009073] New Schedule: SELL 081180 x 1 @ 0, Time: 12:31
[2026-01-06 12:29:42.009073] Started. Target: 2026-01-06 12:31:00, Now: 2026-01-06 12:29:42.009073
[2026-01-06 12:29:42.009073] Waiting for 2026-01-06 12:31:00...
[2026-01-06 12:29:42.022186] Process started.
[2026-01-06 12:29:42.022186] New Schedule: SELL 380550 x 1 @ 0, Time: 12:31
[2026-01-06 12:29:42.022186] Started. Target: 2026-01-06 12:31:00, Now: 2026-01-06 12:29:42.022186
[2026-01-06 12:29:42.023227] Waiting for 2026-01-06 12:31:00...
[2026-01-06 12:29:42.043871] Process started.
[2026-01-06 12:29:42.043871] New Schedule: SELL 388210 x 1 @ 0, Time: 12:31
[2026-01-06 12:29:42.044873] Started. Target: 2026-01-06 12:31:00, Now: 2026-01-06 12:29:42.044873
[2026-01-06 12:29:42.045380] Waiting for 2026-01-06 12:31:00...
[2026-01-06 12:29:42.059939] Process started.
[2026-01-06 12:29:42.060499] New Schedule: SELL 463020 x 1 @ 0, Time: 12:31
[2026-01-06 12:29:42.060999] Started. Target: 2026-01-06 12:31:00, Now: 2026-01-06 12:29:42.060499
[2026-01-06 12:29:42.061499] Waiting for 2026-01-06 12:31:00...
[2026-01-06 12:29:42.076605] Process started.
[2026-01-06 12:29:42.077105] New Schedule: SELL 484590 x 1 @ 0, Time: 12:31
[2026-01-06 12:29:42.077605] Started. Target: 2026-01-06 12:31:00, Now: 2026-01-06 12:29:42.077105
[2026-01-06 12:29:42.077605] Waiting for 2026-01-06 12:31:00...
[2026-01-06 12:29:42.087175] Process started.
[2026-01-06 12:29:42.087674] New Schedule: SELL 950250 x 10 @ 0, Time: 12:31
[2026-01-06 12:29:42.087674] Started. Target: 2026-01-06 12:31:00, Now: 2026-01-06 12:29:42.087674
[2026-01-06 12:29:42.088174] Waiting for 2026-01-06 12:31:00...
[2026-01-06 12:31:00.006007] Target reached. Waiting 3.19s jitter to distribute load...
[2026-01-06 12:31:00.030803] Target reached. Waiting 1.00s jitter to distribute load...
[2026-01-06 12:31:00.045921] Target reached. Waiting 3.44s jitter to distribute load...
[2026-01-06 12:31:00.069106] Target reached. Waiting 0.74s jitter to distribute load...
[2026-01-06 12:31:00.083745] Target reached. Waiting 0.89s jitter to distribute load...
[2026-01-06 12:31:00.100280] Target reached. Waiting 1.12s jitter to distribute load...
[2026-01-06 12:31:00.111801] Target reached. Waiting 2.05s jitter to distribute load...
[2026-01-06 12:31:00.778685] Target reached. Waiting 0.60s jitter to distribute load...
[2026-01-06 12:31:00.813915] Triggering Order for 388210...
[2026-01-06 12:31:00.977376] Triggering Order for 463020...
[2026-01-06 12:31:01.033094] Triggering Order for 081180...
[2026-01-06 12:31:01.217883] Triggering Order for 484590...
[2026-01-06 12:31:01.279586] Order function called.
[2026-01-06 12:31:01.379745] Triggering Order for 0013V0...
[2026-01-06 12:31:01.485524] Order function called.
[2026-01-06 12:31:02.165695] Triggering Order for 950250...
[2026-01-06 12:31:02.529634] Order function called.
[2026-01-06 12:31:03.194914] Triggering Order for 0099W0...
[2026-01-06 12:31:03.489441] Triggering Order for 380550...
[2026-01-06 12:31:03.555003] Order function called.
[2026-01-06 12:31:03.769171] Order function called.
[2026-01-06 12:31:04.059058] Order function called.
[2026-01-06 12:31:05.610516] Order function called.
[2026-01-06 12:31:06.251430] Order function called.
