[11:13:04] === StockBot Research Scraper Started (V2.0) ===
[11:13:04] --- Section: invest ---
[11:13:05] [invest] Today: 7 items
[11:13:05]    Processing: 글로벌 RWA 시장 성장과 국내 STO 산업 법제화
[11:13:05]    > Fetching Detail: https://finance.naver.com/research/invest_read.naver?nid=37538&page=1
[11:13:06]    Processing: 코스피 4,700 선 안착, 실적을 근거로 한 순환매 진행..
[11:13:06]    > Fetching Detail: https://finance.naver.com/research/invest_read.naver?nid=37537&page=1
[11:13:06]    Processing: 26년 1월 글로벌 투자전략(Update) 1월 효과, 역사적 ..
[11:13:06]    > Fetching Detail: https://finance.naver.com/research/invest_read.naver?nid=37536&page=1
[11:13:07]    Processing: [IBKS Daily]Start with IBKS (2026.1.15) 뉴욕증시, ..
[11:13:07]    > Fetching Detail: https://finance.naver.com/research/invest_read.naver?nid=37535&page=1
[11:13:08]    Processing: 중국은 어떻게 공급과잉을 해소할까
[11:13:08]    > Fetching Detail: https://finance.naver.com/research/invest_read.naver?nid=37534&page=1
[11:13:09]    Processing: 01/15, 미 증시, 대내외 불확실성 확대 속 기술주, 금..
[11:13:09]    > Fetching Detail: https://finance.naver.com/research/invest_read.naver?nid=37533&page=1
[11:13:09]    Processing: 01/15 달러, 약보합권 등락
[11:13:09]    > Fetching Detail: https://finance.naver.com/research/invest_read.naver?nid=37532&page=1
[11:13:10] --- Section: company ---
[11:13:11] [company] Today: 30 items
[11:13:11]    Processing: [대우건설] 4분기 실적 부진, 2026년 체코 원전 성과 기..
[11:13:11]    > Fetching Detail: https://finance.naver.com/research/company_read.naver?nid=89194&page=1
[11:13:11]    Processing: [DL이앤씨] 낮아진 실적 눈높이와 기대감
[11:13:11]    > Fetching Detail: https://finance.naver.com/research/company_read.naver?nid=89193&page=1
[11:13:12]    Processing: [GS건설] 4분기 실적 부진, 탑라인 성장 동력 확보가 ..
[11:13:12]    > Fetching Detail: https://finance.naver.com/research/company_read.naver?nid=89192&page=1
[11:13:13]    Processing: [DL이앤씨] 4Q25 Preview: 장기 사업 방향성 제시 필요
[11:13:13]    > Fetching Detail: https://finance.naver.com/research/company_read.naver?nid=89191&page=1
[11:13:14]    Processing: [태광] 3Q25 숫자가 증명했고, 2026년에는 주가가 따..
[11:13:14]    > Fetching Detail: https://finance.naver.com/research/company_read.naver?nid=89190&page=1
[11:13:15]    Processing: [삼성E&A] 4Q25 Preview: 명확한 수주 방향성 제시 기대
[11:13:15]    > Fetching Detail: https://finance.naver.com/research/company_read.naver?nid=89189&page=1
[11:13:15]    Processing: [에스엠] 상승할 일만 남았다
[11:13:15]    > Fetching Detail: https://finance.naver.com/research/company_read.naver?nid=89188&page=1
[11:13:16]    Processing: [신세계] 2026년 전계열사 실적 모두 좋다
[11:13:16]    > Fetching Detail: https://finance.naver.com/research/company_read.naver?nid=89187&page=1
[11:13:17]    Processing: [삼성중공업] 기다리던 FLNG가 찾아왔어요
[11:13:17]    > Fetching Detail: https://finance.naver.com/research/company_read.naver?nid=89186&page=1
[11:13:18]    Processing: [카카오뱅크] 4분기 마진 회복, ‘26년 성장 기대
[11:13:18]    > Fetching Detail: https://finance.naver.com/research/company_read.naver?nid=89185&page=1
[11:13:18] --- Section: industry ---
[11:13:19] [industry] Today: 14 items
[11:13:19]    Processing: Compute Everywhere, Scaling AI
[11:13:19]    > Fetching Detail: https://finance.naver.com/research/industry_read.naver?nid=43060&page=1
[11:13:20]    Processing: 얼마면 돼?” “얼마나...줄 수 있는데요? 11..
[11:13:20]    > Fetching Detail: https://finance.naver.com/research/industry_read.naver?nid=43059&page=1
[11:13:20]    Processing: BTS 월드투어에 대한 신한생각
[11:13:20]    > Fetching Detail: https://finance.naver.com/research/industry_read.naver?nid=43058&page=1
[11:13:21]    Processing: 4Q25 preview & 종목 전략
[11:13:21]    > Fetching Detail: https://finance.naver.com/research/industry_read.naver?nid=43057&page=1
[11:13:22]    Processing: 안녕하세요 데일리에요(로봇/방산/조선)
[11:13:22]    > Fetching Detail: https://finance.naver.com/research/industry_read.naver?nid=43056&page=1
[11:13:23]    Processing: 대안적 투자처로서의 지주회사 및 우선주
[11:13:23]    > Fetching Detail: https://finance.naver.com/research/industry_read.naver?nid=43055&page=1
[11:13:24]    Processing: [IBKS Daily] 인터넷/게임
[11:13:24]    > Fetching Detail: https://finance.naver.com/research/industry_read.naver?nid=43054&page=1
[11:13:24]    Processing: 계절성 비수기를 무력화한 영업환경
[11:13:24]    > Fetching Detail: https://finance.naver.com/research/industry_read.naver?nid=43053&page=1
[11:13:25]    Processing: HD현대 그룹사 간담회 후기: 소리 없이 강함
[11:13:25]    > Fetching Detail: https://finance.naver.com/research/industry_read.naver?nid=43052&page=1
[11:13:26]    Processing: 트럼프,"고기 많이 먹어라"
[11:13:26]    > Fetching Detail: https://finance.naver.com/research/industry_read.naver?nid=43051&page=1
[11:13:27] --- Section: economy ---
[11:13:27] [economy] Today: 2 items
[11:13:27]    Processing: 01/15, Kiwoom Morning Letter
[11:13:27]    > Fetching Detail: https://finance.naver.com/research/economy_read.naver?nid=12861&page=1
[11:13:28]    Processing: 베센트 장관의 이례적인 원화 구두개입
[11:13:28]    > Fetching Detail: https://finance.naver.com/research/economy_read.naver?nid=12860&page=1
[11:13:29] === Completed ===