[01:00:36] === StockBot Research Scraper Started (V2.0) ===
[01:00:36] --- Section: invest ---
[01:00:38] [invest] Today: 11 items
[01:00:38]    Processing: China Weekly Issue : 2025년 리뷰: 1) 홍콩 IPO, 2) ..
[01:00:38]    > Fetching Detail: https://finance.naver.com/research/invest_read.naver?nid=37400&page=1
[01:00:39]    Processing: 01/05 Commodity Weekly
[01:00:39]    > Fetching Detail: https://finance.naver.com/research/invest_read.naver?nid=37399&page=1
[01:00:41]    Processing: [IBKS Daily]Start with IBKS (2026.1.5) 코스피 사상..
[01:00:41]    > Fetching Detail: https://finance.naver.com/research/invest_read.naver?nid=37398&page=1
[01:00:42]    Processing: 01/05 유로화, 지표 부진에 약세
[01:00:42]    > Fetching Detail: https://finance.naver.com/research/invest_read.naver?nid=37397&page=1
[01:00:43]    Processing: 01/05, Kiwoom Weekly_반도체 랠리의 정당성 확보 구..
[01:00:43]    > Fetching Detail: https://finance.naver.com/research/invest_read.naver?nid=37396&page=1
[01:00:45]    Processing: [Quant: Soon to Know] 1월 또.갈.픽: 이익 전망 조정..
[01:00:45]    > Fetching Detail: https://finance.naver.com/research/invest_read.naver?nid=37395&page=1
[01:00:46]    Processing: AI 목장의 결투
[01:00:46]    > Fetching Detail: https://finance.naver.com/research/invest_read.naver?nid=37394&page=1
[01:00:47]    Processing: Weekly Guide Book(2026/01/02)
[01:00:47]    > Fetching Detail: https://finance.naver.com/research/invest_read.naver?nid=37393&page=1
[01:00:48]    Processing: [주식전략] 1분기 주식시장 전망; 피트아웃(Pit-out) ..
[01:00:48]    > Fetching Detail: https://finance.naver.com/research/invest_read.naver?nid=37392&page=1
[01:00:49]    Processing: Shinhan China Weekly(1월 1주차)
[01:00:49]    > Fetching Detail: https://finance.naver.com/research/invest_read.naver?nid=37391&page=1
[01:00:51] --- Section: company ---
[01:00:52] [company] Today: 11 items
[01:00:52]    Processing: [삼성전자] 메모리 중심의 체질 개선 가속화
[01:00:52]    > Fetching Detail: https://finance.naver.com/research/company_read.naver?nid=88902&page=1
[01:00:53]    Processing: [SK하이닉스] 멈추지 않는 성장 엔진
[01:00:53]    > Fetching Detail: https://finance.naver.com/research/company_read.naver?nid=88901&page=1
[01:00:54]    Processing: [대한항공] 실적을 내려놓고 보면 편하다
[01:00:54]    > Fetching Detail: https://finance.naver.com/research/company_read.naver?nid=88900&page=1
[01:00:56]    Processing: [삼양엔씨켐] 2026년초 가장 주목할 Post IPO 기업
[01:00:56]    > Fetching Detail: https://finance.naver.com/research/company_read.naver?nid=88899&page=1
[01:00:57]    Processing: [고영] 약속의 2026년
[01:00:57]    > Fetching Detail: https://finance.naver.com/research/company_read.naver?nid=88898&page=1
[01:00:58]    Processing: [대한항공] 별도 기준 컨센서스 상회 전망
[01:00:58]    > Fetching Detail: https://finance.naver.com/research/company_read.naver?nid=88897&page=1
[01:00:59]    Processing: [인텍플러스] 반도체 패키징 검사 중심 체질개선 진행중
[01:00:59]    > Fetching Detail: https://finance.naver.com/research/company_read.naver?nid=88896&page=1
[01:01:00]    Processing: [삼성전기] 고점 멀티플 목표가 합리적
[01:01:00]    > Fetching Detail: https://finance.naver.com/research/company_read.naver?nid=88895&page=1
[01:01:01]    Processing: [LG전자] 구간매매 하기 좋은 구간
[01:01:01]    > Fetching Detail: https://finance.naver.com/research/company_read.naver?nid=88894&page=1
[01:01:03]    Processing: [셀트리온] 고마진의 신제품 매출 확대로 호실적 기록
[01:01:03]    > Fetching Detail: https://finance.naver.com/research/company_read.naver?nid=88893&page=1
[01:01:04] --- Section: industry ---
[01:01:05] [industry] Today: 23 items
[01:01:05]    Processing: 건설 Weekly (1월 둘째주)
[01:01:05]    > Fetching Detail: https://finance.naver.com/research/industry_read.naver?nid=42879&page=1
[01:01:06]    Processing: 2026년부터 실행 모드로
[01:01:06]    > Fetching Detail: https://finance.naver.com/research/industry_read.naver?nid=42878&page=1
[01:01:08]    Processing: 신한 플랫폼 Weekly(엔터/미디어/인터넷/게임..
[01:01:08]    > Fetching Detail: https://finance.naver.com/research/industry_read.naver?nid=42877&page=1
[01:01:09]    Processing: CES의 주인공은 누가 뭐래도 로봇
[01:01:09]    > Fetching Detail: https://finance.naver.com/research/industry_read.naver?nid=42876&page=1
[01:01:11]    Processing: 안녕하세요 위클리에요(로봇/방산/항공/조선)..
[01:01:11]    > Fetching Detail: https://finance.naver.com/research/industry_read.naver?nid=42875&page=1
[01:01:12]    Processing: 외환안정 세제지원 확대에 따른 업종 영향 점..
[01:01:12]    > Fetching Detail: https://finance.naver.com/research/industry_read.naver?nid=42874&page=1
[01:01:13]    Processing: Roaring DRAM Era
[01:01:13]    > Fetching Detail: https://finance.naver.com/research/industry_read.naver?nid=42873&page=1
[01:01:14]    Processing: 800VDC: 더 높은 전압, 더 많은 컴퓨팅
[01:01:14]    > Fetching Detail: https://finance.naver.com/research/industry_read.naver?nid=42872&page=1
[01:01:15]    Processing: 신한 운송 Weekly T.M.I (26년 1월 2주차)
[01:01:15]    > Fetching Detail: https://finance.naver.com/research/industry_read.naver?nid=42871&page=1
[01:01:17]    Processing: 트럼프의 베네수엘라 군사개입, 힘의 시대
[01:01:17]    > Fetching Detail: https://finance.naver.com/research/industry_read.naver?nid=42870&page=1
[01:01:18] --- Section: economy ---
[01:01:19] [economy] Today: 8 items
[01:01:19]    Processing: 베네수엘라 사태와 금융시장
[01:01:19]    > Fetching Detail: https://finance.naver.com/research/economy_read.naver?nid=12822&page=1
[01:01:20]    Processing: 01/05, Kiwoom Morning Letter
[01:01:20]    > Fetching Detail: https://finance.naver.com/research/economy_read.naver?nid=12821&page=1
[01:01:21]    Processing: 캐리(Carry)로 한 해를 시작하자
[01:01:21]    > Fetching Detail: https://finance.naver.com/research/economy_read.naver?nid=12820&page=1
[01:01:22]    Processing: 베네수엘라 사태 후폭풍은 제한적일 듯
[01:01:22]    > Fetching Detail: https://finance.naver.com/research/economy_read.naver?nid=12819&page=1
[01:01:24]    Processing: 트럼프 2기 2년차 이슈와 리스크
[01:01:24]    > Fetching Detail: https://finance.naver.com/research/economy_read.naver?nid=12818&page=1
[01:01:25]    Processing: 신한 FX Check-up
[01:01:25]    > Fetching Detail: https://finance.naver.com/research/economy_read.naver?nid=12817&page=1
[01:01:26]    Processing: 신한 Econ Check-up
[01:01:26]    > Fetching Detail: https://finance.naver.com/research/economy_read.naver?nid=12816&page=1
[01:01:27]    Processing: 1/2 Weekly Macro, 혼재된 고용 신호와 금융시장 영향
[01:01:27]    > Fetching Detail: https://finance.naver.com/research/economy_read.naver?nid=12815&page=1
[01:01:28] === Completed ===